192.168.1.101 - - [21/Jan/2026:00:21:53 -0700] "GET /images/logo.png HTTP/1.1" 301 7874 "-" "Mozilla/5.0 (Windows NT 10.0; Win64; x64) AppleWebKit/537.36 (KHTML, like Gecko) Chrome/91.0.4472.124 Safari/537.36"
192.168.1.101 - - [21/Jan/2026:01:41:41 -0700] "POST /images/logo.png HTTP/1.1" 304 1418 "-" "Mozilla/5.0 (Windows NT 10.0; Win64; x64) AppleWebKit/537.36 (KHTML, like Gecko) Chrome/91.0.4472.124 Safari/537.36"
203.0.113.5 - - [20/Jan/2026:23:04:23 -0700] "GET /search?q=<script>alert(1)</script> HTTP/1.1" 200 16515 "-" "Mozilla/5.0 (Windows NT 10.0; Win64; x64) AppleWebKit/537.36 (KHTML, like Gecko) Chrome/91.0.4472.124 Safari/537.36"
192.168.1.101 - - [21/Jan/2026:01:04:40 -0700] "POST /dashboard HTTP/1.1" 304 9927 "-" "Mozilla/5.0 (Windows NT 10.0; Win64; x64) AppleWebKit/537.36 (KHTML, like Gecko) Chrome/91.0.4472.124 Safari/537.36"
192.168.1.101 - - [21/Jan/2026:04:16:42 -0700] "POST /images/logo.png HTTP/1.1" 301 839 "-" "Mozilla/5.0 (Windows NT 10.0; Win64; x64) AppleWebKit/537.36 (KHTML, like Gecko) Chrome/91.0.4472.124 Safari/537.36"
103.21.244.0 - - [21/Jan/2026:01:50:21 -0700] "GET /index.php?id=1' OR '1'='1 HTTP/1.1" 403 4093 "-" "Mozilla/5.0 (Unknown; Linux x86_64) AppleWebKit/534.34 (KHTML, like Gecko) PhantomJS/1.9.8 Safari/534.34"
192.168.1.101 - - [20/Jan/2026:13:25:31 -0700] "GET /dashboard HTTP/1.1" 304 8565 "-" "Mozilla/5.0 (Windows NT 10.0; Win64; x64) AppleWebKit/537.36 (KHTML, like Gecko) Chrome/91.0.4472.124 Safari/537.36"
185.220.101.45 - - [20/Jan/2026:14:17:38 -0700] "GET /login HTTP/1.1" 304 14127 "-" "Mozilla/5.0 (Windows NT 10.0; Win64; x64) AppleWebKit/537.36 (KHTML, like Gecko) Chrome/91.0.4472.124 Safari/537.36"
185.220.101.45 - - [20/Jan/2026:13:48:35 -0700] "POST /assets/style.css HTTP/1.1" 304 728 "-" "Mozilla/5.0 (Windows NT 10.0; Win64; x64) AppleWebKit/537.36 (KHTML, like Gecko) Chrome/91.0.4472.124 Safari/537.36"
192.168.1.101 - - [20/Jan/2026:06:40:51 -0700] "GET / HTTP/1.1" 200 6714 "-" "Mozilla/5.0 (Windows NT 10.0; Win64; x64) AppleWebKit/537.36 (KHTML, like Gecko) Chrome/91.0.4472.124 Safari/537.36"
192.168.1.101 - - [20/Jan/2026:12:33:54 -0700] "POST / HTTP/1.1" 301 5012 "-" "Mozilla/5.0 (Windows NT 10.0; Win64; x64) AppleWebKit/537.36 (KHTML, like Gecko) Chrome/91.0.4472.124 Safari/537.36"
103.21.244.0 - - [21/Jan/2026:01:45:32 -0700] "GET /index.php?id=1' OR '1'='1 HTTP/1.1" 404 2288 "-" "Mozilla/5.0 (Unknown; Linux x86_64) AppleWebKit/534.34 (KHTML, like Gecko) PhantomJS/1.9.8 Safari/534.34"
185.220.101.45 - - [20/Jan/2026:21:11:09 -0700] "GET /images/logo.png HTTP/1.1" 301 12870 "-" "Mozilla/5.0 (Windows NT 10.0; Win64; x64) AppleWebKit/537.36 (KHTML, like Gecko) Chrome/91.0.4472.124 Safari/537.36"
192.168.1.101 - - [20/Jan/2026:16:17:00 -0700] "POST /dashboard HTTP/1.1" 200 13098 "-" "Mozilla/5.0 (Windows NT 10.0; Win64; x64) AppleWebKit/537.36 (KHTML, like Gecko) Chrome/91.0.4472.124 Safari/537.36"
185.220.101.45 - - [20/Jan/2026:17:09:43 -0700] "POST /login HTTP/1.1" 301 5937 "-" "Mozilla/5.0 (Windows NT 10.0; Win64; x64) AppleWebKit/537.36 (KHTML, like Gecko) Chrome/91.0.4472.124 Safari/537.36"
198.51.100.23 - - [20/Jan/2026:06:24:39 -0700] "GET /admin HTTP/1.1" 500 4001 "-" "Nmap Scripting Engine"
10.0.0.23 - - [20/Jan/2026:07:41:59 -0700] "GET /phpmyadmin HTTP/1.1" 500 4315 "-" "Nmap Scripting Engine"
198.51.100.23 - - [20/Jan/2026:05:58:26 -0700] "GET /admin HTTP/1.1" 404 3092 "-" "sqlmap/1.4.9#stable"
198.51.100.23 - - [20/Jan/2026:20:16:48 -0700] "GET /search?q=<script>alert(1)</script> HTTP/1.1" 403 2023 "-" "sqlmap/1.4.9#stable"
103.21.244.0 - - [20/Jan/2026:05:31:28 -0700] "GET /phpmyadmin HTTP/1.1" 404 739 "-" "Nmap Scripting Engine"
185.220.101.45 - - [20/Jan/2026:21:55:49 -0700] "POST /dashboard HTTP/1.1" 304 14177 "-" "Mozilla/5.0 (Windows NT 10.0; Win64; x64) AppleWebKit/537.36 (KHTML, like Gecko) Chrome/91.0.4472.124 Safari/537.36"
10.0.0.23 - - [20/Jan/2026:04:56:13 -0700] "POST /index.php?id=1' OR '1'='1 HTTP/1.1" 404 3309 "-" "Mozilla/5.0 (Windows NT 10.0; Win64; x64) AppleWebKit/537.36 (KHTML, like Gecko) Chrome/91.0.4472.124 Safari/537.36"
185.220.101.45 - - [21/Jan/2026:02:58:20 -0700] "POST /dashboard HTTP/1.1" 304 13876 "-" "Mozilla/5.0 (Windows NT 10.0; Win64; x64) AppleWebKit/537.36 (KHTML, like Gecko) Chrome/91.0.4472.124 Safari/537.36"
185.220.101.45 - - [20/Jan/2026:12:55:11 -0700] "GET / HTTP/1.1" 200 6802 "-" "Mozilla/5.0 (Windows NT 10.0; Win64; x64) AppleWebKit/537.36 (KHTML, like Gecko) Chrome/91.0.4472.124 Safari/537.36"
185.220.101.45 - - [21/Jan/2026:04:32:04 -0700] "POST /assets/style.css HTTP/1.1" 301 2717 "-" "Mozilla/5.0 (Windows NT 10.0; Win64; x64) AppleWebKit/537.36 (KHTML, like Gecko) Chrome/91.0.4472.124 Safari/537.36"
185.220.101.45 - - [21/Jan/2026:03:17:16 -0700] "POST / HTTP/1.1" 301 3329 "-" "Mozilla/5.0 (Windows NT 10.0; Win64; x64) AppleWebKit/537.36 (KHTML, like Gecko) Chrome/91.0.4472.124 Safari/537.36"
10.0.0.23 - - [21/Jan/2026:01:42:00 -0700] "GET /index.php?id=1' OR '1'='1 HTTP/1.1" 403 15025 "-" "Mozilla/5.0 (Windows NT 10.0; Win64; x64) AppleWebKit/537.36 (KHTML, like Gecko) Chrome/91.0.4472.124 Safari/537.36"
192.168.1.101 - - [20/Jan/2026:13:11:18 -0700] "GET /login HTTP/1.1" 200 12342 "-" "Mozilla/5.0 (Windows NT 10.0; Win64; x64) AppleWebKit/537.36 (KHTML, like Gecko) Chrome/91.0.4472.124 Safari/537.36"
10.0.0.23 - - [20/Jan/2026:11:53:24 -0700] "GET /search?q=<script>alert(1)</script> HTTP/1.1" 500 4803 "-" "sqlmap/1.4.9#stable"
198.51.100.23 - - [20/Jan/2026:05:51:35 -0700] "GET /.env HTTP/1.1" 500 1919 "-" "Mozilla/5.0 (Unknown; Linux x86_64) AppleWebKit/534.34 (KHTML, like Gecko) PhantomJS/1.9.8 Safari/534.34"
185.220.101.45 - - [20/Jan/2026:13:32:09 -0700] "GET /assets/style.css HTTP/1.1" 200 8675 "-" "Mozilla/5.0 (Windows NT 10.0; Win64; x64) AppleWebKit/537.36 (KHTML, like Gecko) Chrome/91.0.4472.124 Safari/537.36"
192.168.1.101 - - [20/Jan/2026:16:43:44 -0700] "POST /login HTTP/1.1" 301 12592 "-" "Mozilla/5.0 (Windows NT 10.0; Win64; x64) AppleWebKit/537.36 (KHTML, like Gecko) Chrome/91.0.4472.124 Safari/537.36"
203.0.113.5 - - [21/Jan/2026:03:40:00 -0700] "POST /admin HTTP/1.1" 404 9147 "-" "Mozilla/5.0 (Windows NT 10.0; Win64; x64) AppleWebKit/537.36 (KHTML, like Gecko) Chrome/91.0.4472.124 Safari/537.36"
10.0.0.23 - - [20/Jan/2026:11:27:56 -0700] "POST /index.php?id=1' OR '1'='1 HTTP/1.1" 500 11507 "-" "Mozilla/5.0 (Windows NT 10.0; Win64; x64) AppleWebKit/537.36 (KHTML, like Gecko) Chrome/91.0.4472.124 Safari/537.36"
185.220.101.45 - - [20/Jan/2026:11:11:19 -0700] "POST /dashboard HTTP/1.1" 200 8331 "-" "Mozilla/5.0 (Windows NT 10.0; Win64; x64) AppleWebKit/537.36 (KHTML, like Gecko) Chrome/91.0.4472.124 Safari/537.36"
185.220.101.45 - - [21/Jan/2026:01:38:37 -0700] "POST / HTTP/1.1" 200 12626 "-" "Mozilla/5.0 (Windows NT 10.0; Win64; x64) AppleWebKit/537.36 (KHTML, like Gecko) Chrome/91.0.4472.124 Safari/537.36"
192.168.1.101 - - [20/Jan/2026:10:26:00 -0700] "POST / HTTP/1.1" 301 14114 "-" "Mozilla/5.0 (Windows NT 10.0; Win64; x64) AppleWebKit/537.36 (KHTML, like Gecko) Chrome/91.0.4472.124 Safari/537.36"
198.51.100.23 - - [20/Jan/2026:13:49:28 -0700] "GET /.env HTTP/1.1" 403 1681 "-" "Nmap Scripting Engine"
10.0.0.23 - - [20/Jan/2026:12:50:12 -0700] "GET /index.php?id=1' OR '1'='1 HTTP/1.1" 200 6057 "-" "Mozilla/5.0 (Windows NT 10.0; Win64; x64) AppleWebKit/537.36 (KHTML, like Gecko) Chrome/91.0.4472.124 Safari/537.36"
198.51.100.23 - - [20/Jan/2026:22:38:03 -0700] "GET /index.php?id=1' OR '1'='1 HTTP/1.1" 403 3944 "-" "Nmap Scripting Engine"
192.168.1.101 - - [20/Jan/2026:23:11:55 -0700] "POST / HTTP/1.1" 200 2438 "-" "Mozilla/5.0 (Windows NT 10.0; Win64; x64) AppleWebKit/537.36 (KHTML, like Gecko) Chrome/91.0.4472.124 Safari/537.36"
185.220.101.45 - - [20/Jan/2026:21:57:14 -0700] "POST /images/logo.png HTTP/1.1" 304 2344 "-" "Mozilla/5.0 (Windows NT 10.0; Win64; x64) AppleWebKit/537.36 (KHTML, like Gecko) Chrome/91.0.4472.124 Safari/537.36"
192.168.1.101 - - [20/Jan/2026:22:35:40 -0700] "POST /images/logo.png HTTP/1.1" 304 6465 "-" "Mozilla/5.0 (Windows NT 10.0; Win64; x64) AppleWebKit/537.36 (KHTML, like Gecko) Chrome/91.0.4472.124 Safari/537.36"
198.51.100.23 - - [20/Jan/2026:18:12:16 -0700] "GET /index.php?id=1' OR '1'='1 HTTP/1.1" 404 4743 "-" "Nmap Scripting Engine"
203.0.113.5 - - [20/Jan/2026:16:31:44 -0700] "GET /search?q=<script>alert(1)</script> HTTP/1.1" 500 6078 "-" "Mozilla/5.0 (Windows NT 10.0; Win64; x64) AppleWebKit/537.36 (KHTML, like Gecko) Chrome/91.0.4472.124 Safari/537.36"
185.220.101.45 - - [20/Jan/2026:11:33:27 -0700] "POST / HTTP/1.1" 200 8394 "-" "Mozilla/5.0 (Windows NT 10.0; Win64; x64) AppleWebKit/537.36 (KHTML, like Gecko) Chrome/91.0.4472.124 Safari/537.36"
192.168.1.101 - - [20/Jan/2026:04:46:27 -0700] "POST / HTTP/1.1" 301 8096 "-" "Mozilla/5.0 (Windows NT 10.0; Win64; x64) AppleWebKit/537.36 (KHTML, like Gecko) Chrome/91.0.4472.124 Safari/537.36"
203.0.113.5 - - [20/Jan/2026:19:21:02 -0700] "POST /phpmyadmin HTTP/1.1" 500 6685 "-" "Mozilla/5.0 (Windows NT 10.0; Win64; x64) AppleWebKit/537.36 (KHTML, like Gecko) Chrome/91.0.4472.124 Safari/537.36"
185.220.101.45 - - [20/Jan/2026:19:53:26 -0700] "POST /assets/style.css HTTP/1.1" 200 14073 "-" "Mozilla/5.0 (Windows NT 10.0; Win64; x64) AppleWebKit/537.36 (KHTML, like Gecko) Chrome/91.0.4472.124 Safari/537.36"
192.168.1.101 - - [20/Jan/2026:10:17:43 -0700] "POST / HTTP/1.1" 304 4332 "-" "Mozilla/5.0 (Windows NT 10.0; Win64; x64) AppleWebKit/537.36 (KHTML, like Gecko) Chrome/91.0.4472.124 Safari/537.36"
192.168.1.101 - - [20/Jan/2026:13:20:42 -0700] "GET /dashboard HTTP/1.1" 301 6830 "-" "Mozilla/5.0 (Windows NT 10.0; Win64; x64) AppleWebKit/537.36 (KHTML, like Gecko) Chrome/91.0.4472.124 Safari/537.36"
192.168.1.101 - - [20/Jan/2026:21:26:55 -0700] "GET /images/logo.png HTTP/1.1" 301 6059 "-" "Mozilla/5.0 (Windows NT 10.0; Win64; x64) AppleWebKit/537.36 (KHTML, like Gecko) Chrome/91.0.4472.124 Safari/537.36"
103.21.244.0 - - [20/Jan/2026:08:04:07 -0700] "GET /search?q=<script>alert(1)</script> HTTP/1.1" 500 3229 "-" "sqlmap/1.4.9#stable"
192.168.1.101 - - [20/Jan/2026:18:44:42 -0700] "GET /dashboard HTTP/1.1" 301 2943 "-" "Mozilla/5.0 (Windows NT 10.0; Win64; x64) AppleWebKit/537.36 (KHTML, like Gecko) Chrome/91.0.4472.124 Safari/537.36"
185.220.101.45 - - [20/Jan/2026:08:24:34 -0700] "GET /login HTTP/1.1" 301 13401 "-" "Mozilla/5.0 (Windows NT 10.0; Win64; x64) AppleWebKit/537.36 (KHTML, like Gecko) Chrome/91.0.4472.124 Safari/537.36"
192.168.1.101 - - [20/Jan/2026:09:32:28 -0700] "POST /dashboard HTTP/1.1" 301 8649 "-" "Mozilla/5.0 (Windows NT 10.0; Win64; x64) AppleWebKit/537.36 (KHTML, like Gecko) Chrome/91.0.4472.124 Safari/537.36"
103.21.244.0 - - [21/Jan/2026:02:38:12 -0700] "GET /search?q=<script>alert(1)</script> HTTP/1.1" 500 2383 "-" "curl/7.68.0"
192.168.1.101 - - [20/Jan/2026:23:44:50 -0700] "POST /images/logo.png HTTP/1.1" 301 14405 "-" "Mozilla/5.0 (Windows NT 10.0; Win64; x64) AppleWebKit/537.36 (KHTML, like Gecko) Chrome/91.0.4472.124 Safari/537.36"
185.220.101.45 - - [20/Jan/2026:10:45:56 -0700] "POST /assets/style.css HTTP/1.1" 200 8287 "-" "Mozilla/5.0 (Windows NT 10.0; Win64; x64) AppleWebKit/537.36 (KHTML, like Gecko) Chrome/91.0.4472.124 Safari/537.36"
103.21.244.0 - - [21/Jan/2026:00:10:04 -0700] "GET /admin HTTP/1.1" 403 2838 "-" "sqlmap/1.4.9#stable"
185.220.101.45 - - [20/Jan/2026:19:05:46 -0700] "POST /login HTTP/1.1" 301 13033 "-" "Mozilla/5.0 (Windows NT 10.0; Win64; x64) AppleWebKit/537.36 (KHTML, like Gecko) Chrome/91.0.4472.124 Safari/537.36"
192.168.1.101 - - [20/Jan/2026:12:56:24 -0700] "GET /dashboard HTTP/1.1" 200 1055 "-" "Mozilla/5.0 (Windows NT 10.0; Win64; x64) AppleWebKit/537.36 (KHTML, like Gecko) Chrome/91.0.4472.124 Safari/537.36"
10.0.0.23 - - [20/Jan/2026:05:09:09 -0700] "GET /search?q=<script>alert(1)</script> HTTP/1.1" 500 3961 "-" "sqlmap/1.4.9#stable"
185.220.101.45 - - [20/Jan/2026:22:45:35 -0700] "GET /assets/style.css HTTP/1.1" 301 9513 "-" "Mozilla/5.0 (Windows NT 10.0; Win64; x64) AppleWebKit/537.36 (KHTML, like Gecko) Chrome/91.0.4472.124 Safari/537.36"
185.220.101.45 - - [20/Jan/2026:21:15:50 -0700] "GET /login HTTP/1.1" 200 12082 "-" "Mozilla/5.0 (Windows NT 10.0; Win64; x64) AppleWebKit/537.36 (KHTML, like Gecko) Chrome/91.0.4472.124 Safari/537.36"
192.168.1.101 - - [20/Jan/2026:23:30:44 -0700] "POST / HTTP/1.1" 200 268 "-" "Mozilla/5.0 (Windows NT 10.0; Win64; x64) AppleWebKit/537.36 (KHTML, like Gecko) Chrome/91.0.4472.124 Safari/537.36"
192.168.1.101 - - [20/Jan/2026:09:49:19 -0700] "POST /dashboard HTTP/1.1" 200 851 "-" "Mozilla/5.0 (Windows NT 10.0; Win64; x64) AppleWebKit/537.36 (KHTML, like Gecko) Chrome/91.0.4472.124 Safari/537.36"
10.0.0.23 - - [21/Jan/2026:02:04:03 -0700] "GET /admin HTTP/1.1" 403 4837 "-" "curl/7.68.0"
10.0.0.23 - - [20/Jan/2026:11:49:17 -0700] "GET /index.php?id=1' OR '1'='1 HTTP/1.1" 404 3874 "-" "Mozilla/5.0 (Unknown; Linux x86_64) AppleWebKit/534.34 (KHTML, like Gecko) PhantomJS/1.9.8 Safari/534.34"
103.21.244.0 - - [20/Jan/2026:17:46:26 -0700] "GET /.env HTTP/1.1" 500 3063 "-" "Mozilla/5.0 (Unknown; Linux x86_64) AppleWebKit/534.34 (KHTML, like Gecko) PhantomJS/1.9.8 Safari/534.34"
185.220.101.45 - - [20/Jan/2026:06:51:48 -0700] "GET /dashboard HTTP/1.1" 301 14050 "-" "Mozilla/5.0 (Windows NT 10.0; Win64; x64) AppleWebKit/537.36 (KHTML, like Gecko) Chrome/91.0.4472.124 Safari/537.36"
185.220.101.45 - - [20/Jan/2026:10:09:51 -0700] "GET /assets/style.css HTTP/1.1" 304 1434 "-" "Mozilla/5.0 (Windows NT 10.0; Win64; x64) AppleWebKit/537.36 (KHTML, like Gecko) Chrome/91.0.4472.124 Safari/537.36"
10.0.0.23 - - [20/Jan/2026:18:22:45 -0700] "POST /index.php?id=1' OR '1'='1 HTTP/1.1" 500 2209 "-" "Mozilla/5.0 (Windows NT 10.0; Win64; x64) AppleWebKit/537.36 (KHTML, like Gecko) Chrome/91.0.4472.124 Safari/537.36"
192.168.1.101 - - [21/Jan/2026:04:18:57 -0700] "POST /login HTTP/1.1" 200 13521 "-" "Mozilla/5.0 (Windows NT 10.0; Win64; x64) AppleWebKit/537.36 (KHTML, like Gecko) Chrome/91.0.4472.124 Safari/537.36"
198.51.100.23 - - [20/Jan/2026:19:19:39 -0700] "GET /admin HTTP/1.1" 404 4698 "-" "sqlmap/1.4.9#stable"
192.168.1.101 - - [20/Jan/2026:19:46:57 -0700] "POST / HTTP/1.1" 301 11916 "-" "Mozilla/5.0 (Windows NT 10.0; Win64; x64) AppleWebKit/537.36 (KHTML, like Gecko) Chrome/91.0.4472.124 Safari/537.36"
103.21.244.0 - - [20/Jan/2026:09:28:59 -0700] "GET /index.php?id=1' OR '1'='1 HTTP/1.1" 403 753 "-" "curl/7.68.0"
185.220.101.45 - - [20/Jan/2026:06:41:28 -0700] "GET /assets/style.css HTTP/1.1" 304 1077 "-" "Mozilla/5.0 (Windows NT 10.0; Win64; x64) AppleWebKit/537.36 (KHTML, like Gecko) Chrome/91.0.4472.124 Safari/537.36"
192.168.1.101 - - [21/Jan/2026:01:13:28 -0700] "POST / HTTP/1.1" 304 14204 "-" "Mozilla/5.0 (Windows NT 10.0; Win64; x64) AppleWebKit/537.36 (KHTML, like Gecko) Chrome/91.0.4472.124 Safari/537.36"
192.168.1.101 - - [20/Jan/2026:17:11:12 -0700] "POST /dashboard HTTP/1.1" 200 3452 "-" "Mozilla/5.0 (Windows NT 10.0; Win64; x64) AppleWebKit/537.36 (KHTML, like Gecko) Chrome/91.0.4472.124 Safari/537.36"
192.168.1.101 - - [21/Jan/2026:01:45:44 -0700] "GET /assets/style.css HTTP/1.1" 301 6905 "-" "Mozilla/5.0 (Windows NT 10.0; Win64; x64) AppleWebKit/537.36 (KHTML, like Gecko) Chrome/91.0.4472.124 Safari/537.36"
203.0.113.5 - - [20/Jan/2026:15:26:15 -0700] "POST /phpmyadmin HTTP/1.1" 404 18247 "-" "Mozilla/5.0 (Windows NT 10.0; Win64; x64) AppleWebKit/537.36 (KHTML, like Gecko) Chrome/91.0.4472.124 Safari/537.36"
198.51.100.23 - - [20/Jan/2026:08:23:11 -0700] "GET /.env HTTP/1.1" 500 4681 "-" "curl/7.68.0"
103.21.244.0 - - [20/Jan/2026:06:41:52 -0700] "GET /search?q=<script>alert(1)</script> HTTP/1.1" 403 4605 "-" "curl/7.68.0"
203.0.113.5 - - [20/Jan/2026:08:20:30 -0700] "GET /.env HTTP/1.1" 403 19348 "-" "Mozilla/5.0 (Windows NT 10.0; Win64; x64) AppleWebKit/537.36 (KHTML, like Gecko) Chrome/91.0.4472.124 Safari/537.36"
198.51.100.23 - - [21/Jan/2026:01:21:09 -0700] "GET /search?q=<script>alert(1)</script> HTTP/1.1" 500 4967 "-" "curl/7.68.0"
185.220.101.45 - - [21/Jan/2026:04:37:04 -0700] "POST /assets/style.css HTTP/1.1" 200 4592 "-" "Mozilla/5.0 (Windows NT 10.0; Win64; x64) AppleWebKit/537.36 (KHTML, like Gecko) Chrome/91.0.4472.124 Safari/537.36"
192.168.1.101 - - [20/Jan/2026:07:57:40 -0700] "POST /images/logo.png HTTP/1.1" 304 6584 "-" "Mozilla/5.0 (Windows NT 10.0; Win64; x64) AppleWebKit/537.36 (KHTML, like Gecko) Chrome/91.0.4472.124 Safari/537.36"
192.168.1.101 - - [20/Jan/2026:09:20:26 -0700] "GET / HTTP/1.1" 304 11382 "-" "Mozilla/5.0 (Windows NT 10.0; Win64; x64) AppleWebKit/537.36 (KHTML, like Gecko) Chrome/91.0.4472.124 Safari/537.36"
10.0.0.23 - - [21/Jan/2026:00:04:46 -0700] "GET /.env HTTP/1.1" 403 2377 "-" "Mozilla/5.0 (Unknown; Linux x86_64) AppleWebKit/534.34 (KHTML, like Gecko) PhantomJS/1.9.8 Safari/534.34"
185.220.101.45 - - [21/Jan/2026:02:29:13 -0700] "POST /assets/style.css HTTP/1.1" 200 10170 "-" "Mozilla/5.0 (Windows NT 10.0; Win64; x64) AppleWebKit/537.36 (KHTML, like Gecko) Chrome/91.0.4472.124 Safari/537.36"
198.51.100.23 - - [20/Jan/2026:22:09:00 -0700] "GET /admin HTTP/1.1" 403 1184 "-" "curl/7.68.0"
198.51.100.23 - - [20/Jan/2026:07:52:41 -0700] "GET /phpmyadmin HTTP/1.1" 500 4584 "-" "sqlmap/1.4.9#stable"
10.0.0.23 - - [20/Jan/2026:20:49:02 -0700] "POST /search?q=<script>alert(1)</script> HTTP/1.1" 403 10334 "-" "Mozilla/5.0 (Windows NT 10.0; Win64; x64) AppleWebKit/537.36 (KHTML, like Gecko) Chrome/91.0.4472.124 Safari/537.36"
10.0.0.23 - - [20/Jan/2026:20:48:48 -0700] "GET /index.php?id=1' OR '1'='1 HTTP/1.1" 403 4273 "-" "curl/7.68.0"
185.220.101.45 - - [20/Jan/2026:11:22:17 -0700] "GET /assets/style.css HTTP/1.1" 200 8490 "-" "Mozilla/5.0 (Windows NT 10.0; Win64; x64) AppleWebKit/537.36 (KHTML, like Gecko) Chrome/91.0.4472.124 Safari/537.36"
198.51.100.23 - - [20/Jan/2026:18:34:57 -0700] "GET /admin HTTP/1.1" 403 4855 "-" "Mozilla/5.0 (Unknown; Linux x86_64) AppleWebKit/534.34 (KHTML, like Gecko) PhantomJS/1.9.8 Safari/534.34"
185.220.101.45 - - [20/Jan/2026:11:06:20 -0700] "POST / HTTP/1.1" 304 566 "-" "Mozilla/5.0 (Windows NT 10.0; Win64; x64) AppleWebKit/537.36 (KHTML, like Gecko) Chrome/91.0.4472.124 Safari/537.36"
185.220.101.45 - - [21/Jan/2026:01:24:35 -0700] "POST /login HTTP/1.1" 200 8690 "-" "Mozilla/5.0 (Windows NT 10.0; Win64; x64) AppleWebKit/537.36 (KHTML, like Gecko) Chrome/91.0.4472.124 Safari/537.36"
185.220.101.45 - - [21/Jan/2026:04:35:02 -0700] "POST /images/logo.png HTTP/1.1" 200 8875 "-" "Mozilla/5.0 (Windows NT 10.0; Win64; x64) AppleWebKit/537.36 (KHTML, like Gecko) Chrome/91.0.4472.124 Safari/537.36"
192.168.1.101 - - [20/Jan/2026:14:56:23 -0700] "GET /login HTTP/1.1" 304 7861 "-" "Mozilla/5.0 (Windows NT 10.0; Win64; x64) AppleWebKit/537.36 (KHTML, like Gecko) Chrome/91.0.4472.124 Safari/537.36"
198.51.100.23 - - [20/Jan/2026:07:15:13 -0700] "GET /admin HTTP/1.1" 403 3398 "-" "sqlmap/1.4.9#stable"
185.220.101.45 - - [20/Jan/2026:10:42:11 -0700] "GET / HTTP/1.1" 200 11386 "-" "Mozilla/5.0 (Windows NT 10.0; Win64; x64) AppleWebKit/537.36 (KHTML, like Gecko) Chrome/91.0.4472.124 Safari/537.36"
185.220.101.45 - - [20/Jan/2026:07:16:47 -0700] "POST /assets/style.css HTTP/1.1" 200 10715 "-" "Mozilla/5.0 (Windows NT 10.0; Win64; x64) AppleWebKit/537.36 (KHTML, like Gecko) Chrome/91.0.4472.124 Safari/537.36"
192.168.1.101 - - [21/Jan/2026:04:19:40 -0700] "POST /assets/style.css HTTP/1.1" 301 11959 "-" "Mozilla/5.0 (Windows NT 10.0; Win64; x64) AppleWebKit/537.36 (KHTML, like Gecko) Chrome/91.0.4472.124 Safari/537.36"
10.0.0.23 - - [20/Jan/2026:13:26:29 -0700] "GET /phpmyadmin HTTP/1.1" 200 18073 "-" "Mozilla/5.0 (Windows NT 10.0; Win64; x64) AppleWebKit/537.36 (KHTML, like Gecko) Chrome/91.0.4472.124 Safari/537.36"
203.0.113.5 - - [20/Jan/2026:09:27:04 -0700] "GET /index.php?id=1' OR '1'='1 HTTP/1.1" 403 3441 "-" "Mozilla/5.0 (Windows NT 10.0; Win64; x64) AppleWebKit/537.36 (KHTML, like Gecko) Chrome/91.0.4472.124 Safari/537.36"
103.21.244.0 - - [20/Jan/2026:12:17:18 -0700] "GET /search?q=<script>alert(1)</script> HTTP/1.1" 403 607 "-" "curl/7.68.0"
10.0.0.23 - - [20/Jan/2026:21:49:50 -0700] "POST /search?q=<script>alert(1)</script> HTTP/1.1" 500 4521 "-" "Mozilla/5.0 (Windows NT 10.0; Win64; x64) AppleWebKit/537.36 (KHTML, like Gecko) Chrome/91.0.4472.124 Safari/537.36"
192.168.1.101 - - [20/Jan/2026:22:46:36 -0700] "GET /images/logo.png HTTP/1.1" 200 14471 "-" "Mozilla/5.0 (Windows NT 10.0; Win64; x64) AppleWebKit/537.36 (KHTML, like Gecko) Chrome/91.0.4472.124 Safari/537.36"
10.0.0.23 - - [20/Jan/2026:17:05:23 -0700] "GET /.env HTTP/1.1" 404 4519 "-" "Nmap Scripting Engine"
198.51.100.23 - - [20/Jan/2026:15:21:08 -0700] "GET /search?q=<script>alert(1)</script> HTTP/1.1" 404 1178 "-" "sqlmap/1.4.9#stable"
185.220.101.45 - - [20/Jan/2026:22:59:22 -0700] "GET /images/logo.png HTTP/1.1" 200 7846 "-" "Mozilla/5.0 (Windows NT 10.0; Win64; x64) AppleWebKit/537.36 (KHTML, like Gecko) Chrome/91.0.4472.124 Safari/537.36"
192.168.1.101 - - [20/Jan/2026:12:41:19 -0700] "GET /assets/style.css HTTP/1.1" 200 2555 "-" "Mozilla/5.0 (Windows NT 10.0; Win64; x64) AppleWebKit/537.36 (KHTML, like Gecko) Chrome/91.0.4472.124 Safari/537.36"
10.0.0.23 - - [21/Jan/2026:04:19:51 -0700] "GET /phpmyadmin HTTP/1.1" 403 10962 "-" "Mozilla/5.0 (Windows NT 10.0; Win64; x64) AppleWebKit/537.36 (KHTML, like Gecko) Chrome/91.0.4472.124 Safari/537.36"
198.51.100.23 - - [20/Jan/2026:15:29:18 -0700] "GET /.env HTTP/1.1" 403 2403 "-" "sqlmap/1.4.9#stable"
203.0.113.5 - - [20/Jan/2026:12:18:27 -0700] "POST /.env HTTP/1.1" 403 9021 "-" "Mozilla/5.0 (Windows NT 10.0; Win64; x64) AppleWebKit/537.36 (KHTML, like Gecko) Chrome/91.0.4472.124 Safari/537.36"
185.220.101.45 - - [20/Jan/2026:16:16:10 -0700] "POST /images/logo.png HTTP/1.1" 301 336 "-" "Mozilla/5.0 (Windows NT 10.0; Win64; x64) AppleWebKit/537.36 (KHTML, like Gecko) Chrome/91.0.4472.124 Safari/537.36"
10.0.0.23 - - [20/Jan/2026:18:12:55 -0700] "GET /admin HTTP/1.1" 403 1327 "-" "Nmap Scripting Engine"
10.0.0.23 - - [20/Jan/2026:11:52:04 -0700] "GET /admin HTTP/1.1" 403 3677 "-" "Mozilla/5.0 (Unknown; Linux x86_64) AppleWebKit/534.34 (KHTML, like Gecko) PhantomJS/1.9.8 Safari/534.34"
103.21.244.0 - - [21/Jan/2026:02:41:42 -0700] "GET /phpmyadmin HTTP/1.1" 500 3358 "-" "sqlmap/1.4.9#stable"
10.0.0.23 - - [21/Jan/2026:00:53:12 -0700] "POST /phpmyadmin HTTP/1.1" 404 12490 "-" "Mozilla/5.0 (Windows NT 10.0; Win64; x64) AppleWebKit/537.36 (KHTML, like Gecko) Chrome/91.0.4472.124 Safari/537.36"
10.0.0.23 - - [21/Jan/2026:03:40:38 -0700] "GET /index.php?id=1' OR '1'='1 HTTP/1.1" 404 4607 "-" "sqlmap/1.4.9#stable"
192.168.1.101 - - [20/Jan/2026:10:55:07 -0700] "GET /login HTTP/1.1" 301 5227 "-" "Mozilla/5.0 (Windows NT 10.0; Win64; x64) AppleWebKit/537.36 (KHTML, like Gecko) Chrome/91.0.4472.124 Safari/537.36"
185.220.101.45 - - [20/Jan/2026:22:42:09 -0700] "GET /images/logo.png HTTP/1.1" 200 4443 "-" "Mozilla/5.0 (Windows NT 10.0; Win64; x64) AppleWebKit/537.36 (KHTML, like Gecko) Chrome/91.0.4472.124 Safari/537.36"
192.168.1.101 - - [20/Jan/2026:16:07:56 -0700] "GET / HTTP/1.1" 301 4439 "-" "Mozilla/5.0 (Windows NT 10.0; Win64; x64) AppleWebKit/537.36 (KHTML, like Gecko) Chrome/91.0.4472.124 Safari/537.36"
10.0.0.23 - - [20/Jan/2026:08:35:04 -0700] "POST /index.php?id=1' OR '1'='1 HTTP/1.1" 500 17348 "-" "Mozilla/5.0 (Windows NT 10.0; Win64; x64) AppleWebKit/537.36 (KHTML, like Gecko) Chrome/91.0.4472.124 Safari/537.36"
10.0.0.23 - - [20/Jan/2026:14:05:55 -0700] "GET /index.php?id=1' OR '1'='1 HTTP/1.1" 403 2797 "-" "curl/7.68.0"
10.0.0.23 - - [20/Jan/2026:05:17:35 -0700] "GET /admin HTTP/1.1" 500 13201 "-" "Mozilla/5.0 (Windows NT 10.0; Win64; x64) AppleWebKit/537.36 (KHTML, like Gecko) Chrome/91.0.4472.124 Safari/537.36"
192.168.1.101 - - [20/Jan/2026:12:40:02 -0700] "GET /login HTTP/1.1" 200 7692 "-" "Mozilla/5.0 (Windows NT 10.0; Win64; x64) AppleWebKit/537.36 (KHTML, like Gecko) Chrome/91.0.4472.124 Safari/537.36"
185.220.101.45 - - [20/Jan/2026:23:40:11 -0700] "GET /images/logo.png HTTP/1.1" 304 10190 "-" "Mozilla/5.0 (Windows NT 10.0; Win64; x64) AppleWebKit/537.36 (KHTML, like Gecko) Chrome/91.0.4472.124 Safari/537.36"
103.21.244.0 - - [20/Jan/2026:15:48:51 -0700] "GET /index.php?id=1' OR '1'='1 HTTP/1.1" 403 2883 "-" "curl/7.68.0"
103.21.244.0 - - [20/Jan/2026:15:14:42 -0700] "GET /phpmyadmin HTTP/1.1" 403 1428 "-" "curl/7.68.0"
192.168.1.101 - - [20/Jan/2026:21:16:41 -0700] "GET /assets/style.css HTTP/1.1" 304 4095 "-" "Mozilla/5.0 (Windows NT 10.0; Win64; x64) AppleWebKit/537.36 (KHTML, like Gecko) Chrome/91.0.4472.124 Safari/537.36"
185.220.101.45 - - [20/Jan/2026:11:09:53 -0700] "POST /dashboard HTTP/1.1" 301 8343 "-" "Mozilla/5.0 (Windows NT 10.0; Win64; x64) AppleWebKit/537.36 (KHTML, like Gecko) Chrome/91.0.4472.124 Safari/537.36"
203.0.113.5 - - [20/Jan/2026:10:51:37 -0700] "GET /admin HTTP/1.1" 200 1215 "-" "Mozilla/5.0 (Windows NT 10.0; Win64; x64) AppleWebKit/537.36 (KHTML, like Gecko) Chrome/91.0.4472.124 Safari/537.36"
198.51.100.23 - - [20/Jan/2026:22:24:11 -0700] "GET /search?q=<script>alert(1)</script> HTTP/1.1" 403 3740 "-" "curl/7.68.0"
10.0.0.23 - - [20/Jan/2026:14:50:39 -0700] "GET /.env HTTP/1.1" 403 4615 "-" "curl/7.68.0"
103.21.244.0 - - [20/Jan/2026:20:40:31 -0700] "GET /phpmyadmin HTTP/1.1" 403 1857 "-" "Mozilla/5.0 (Unknown; Linux x86_64) AppleWebKit/534.34 (KHTML, like Gecko) PhantomJS/1.9.8 Safari/534.34"
203.0.113.5 - - [20/Jan/2026:15:12:21 -0700] "POST /admin HTTP/1.1" 403 17548 "-" "Mozilla/5.0 (Windows NT 10.0; Win64; x64) AppleWebKit/537.36 (KHTML, like Gecko) Chrome/91.0.4472.124 Safari/537.36"
192.168.1.101 - - [20/Jan/2026:21:55:47 -0700] "GET /login HTTP/1.1" 301 3663 "-" "Mozilla/5.0 (Windows NT 10.0; Win64; x64) AppleWebKit/537.36 (KHTML, like Gecko) Chrome/91.0.4472.124 Safari/537.36"
185.220.101.45 - - [20/Jan/2026:06:25:43 -0700] "POST /login HTTP/1.1" 301 1326 "-" "Mozilla/5.0 (Windows NT 10.0; Win64; x64) AppleWebKit/537.36 (KHTML, like Gecko) Chrome/91.0.4472.124 Safari/537.36"
198.51.100.23 - - [20/Jan/2026:15:00:07 -0700] "GET /search?q=<script>alert(1)</script> HTTP/1.1" 403 2713 "-" "sqlmap/1.4.9#stable"
185.220.101.45 - - [20/Jan/2026:16:35:46 -0700] "POST /login HTTP/1.1" 200 5308 "-" "Mozilla/5.0 (Windows NT 10.0; Win64; x64) AppleWebKit/537.36 (KHTML, like Gecko) Chrome/91.0.4472.124 Safari/537.36"
192.168.1.101 - - [20/Jan/2026:21:16:45 -0700] "GET / HTTP/1.1" 200 1213 "-" "Mozilla/5.0 (Windows NT 10.0; Win64; x64) AppleWebKit/537.36 (KHTML, like Gecko) Chrome/91.0.4472.124 Safari/537.36"
203.0.113.5 - - [20/Jan/2026:14:50:08 -0700] "POST /phpmyadmin HTTP/1.1" 403 2824 "-" "Mozilla/5.0 (Windows NT 10.0; Win64; x64) AppleWebKit/537.36 (KHTML, like Gecko) Chrome/91.0.4472.124 Safari/537.36"
10.0.0.23 - - [21/Jan/2026:01:49:56 -0700] "GET /.env HTTP/1.1" 500 1133 "-" "Mozilla/5.0 (Unknown; Linux x86_64) AppleWebKit/534.34 (KHTML, like Gecko) PhantomJS/1.9.8 Safari/534.34"
10.0.0.23 - - [20/Jan/2026:08:50:21 -0700] "GET /.env HTTP/1.1" 403 558 "-" "Mozilla/5.0 (Unknown; Linux x86_64) AppleWebKit/534.34 (KHTML, like Gecko) PhantomJS/1.9.8 Safari/534.34"
192.168.1.101 - - [20/Jan/2026:21:32:28 -0700] "POST /dashboard HTTP/1.1" 200 9503 "-" "Mozilla/5.0 (Windows NT 10.0; Win64; x64) AppleWebKit/537.36 (KHTML, like Gecko) Chrome/91.0.4472.124 Safari/537.36"
192.168.1.101 - - [20/Jan/2026:06:09:02 -0700] "POST / HTTP/1.1" 200 5063 "-" "Mozilla/5.0 (Windows NT 10.0; Win64; x64) AppleWebKit/537.36 (KHTML, like Gecko) Chrome/91.0.4472.124 Safari/537.36"
192.168.1.101 - - [20/Jan/2026:10:43:58 -0700] "GET /dashboard HTTP/1.1" 304 2219 "-" "Mozilla/5.0 (Windows NT 10.0; Win64; x64) AppleWebKit/537.36 (KHTML, like Gecko) Chrome/91.0.4472.124 Safari/537.36"
192.168.1.101 - - [20/Jan/2026:21:13:55 -0700] "POST /images/logo.png HTTP/1.1" 301 3484 "-" "Mozilla/5.0 (Windows NT 10.0; Win64; x64) AppleWebKit/537.36 (KHTML, like Gecko) Chrome/91.0.4472.124 Safari/537.36"
198.51.100.23 - - [20/Jan/2026:12:26:51 -0700] "GET /index.php?id=1' OR '1'='1 HTTP/1.1" 403 4237 "-" "Mozilla/5.0 (Unknown; Linux x86_64) AppleWebKit/534.34 (KHTML, like Gecko) PhantomJS/1.9.8 Safari/534.34"
198.51.100.23 - - [20/Jan/2026:20:06:14 -0700] "GET /admin HTTP/1.1" 404 4650 "-" "Nmap Scripting Engine"
203.0.113.5 - - [20/Jan/2026:10:22:48 -0700] "POST /search?q=<script>alert(1)</script> HTTP/1.1" 404 12015 "-" "Mozilla/5.0 (Windows NT 10.0; Win64; x64) AppleWebKit/537.36 (KHTML, like Gecko) Chrome/91.0.4472.124 Safari/537.36"
192.168.1.101 - - [21/Jan/2026:00:55:52 -0700] "POST /assets/style.css HTTP/1.1" 301 7490 "-" "Mozilla/5.0 (Windows NT 10.0; Win64; x64) AppleWebKit/537.36 (KHTML, like Gecko) Chrome/91.0.4472.124 Safari/537.36"
192.168.1.101 - - [20/Jan/2026:06:12:00 -0700] "POST /dashboard HTTP/1.1" 200 14104 "-" "Mozilla/5.0 (Windows NT 10.0; Win64; x64) AppleWebKit/537.36 (KHTML, like Gecko) Chrome/91.0.4472.124 Safari/537.36"
192.168.1.101 - - [20/Jan/2026:16:47:35 -0700] "POST / HTTP/1.1" 200 13839 "-" "Mozilla/5.0 (Windows NT 10.0; Win64; x64) AppleWebKit/537.36 (KHTML, like Gecko) Chrome/91.0.4472.124 Safari/537.36"
185.220.101.45 - - [20/Jan/2026:22:51:24 -0700] "POST / HTTP/1.1" 304 13354 "-" "Mozilla/5.0 (Windows NT 10.0; Win64; x64) AppleWebKit/537.36 (KHTML, like Gecko) Chrome/91.0.4472.124 Safari/537.36"
192.168.1.101 - - [20/Jan/2026:12:15:33 -0700] "POST /dashboard HTTP/1.1" 304 10173 "-" "Mozilla/5.0 (Windows NT 10.0; Win64; x64) AppleWebKit/537.36 (KHTML, like Gecko) Chrome/91.0.4472.124 Safari/537.36"
185.220.101.45 - - [20/Jan/2026:14:49:51 -0700] "GET /assets/style.css HTTP/1.1" 304 8665 "-" "Mozilla/5.0 (Windows NT 10.0; Win64; x64) AppleWebKit/537.36 (KHTML, like Gecko) Chrome/91.0.4472.124 Safari/537.36"
103.21.244.0 - - [20/Jan/2026:20:37:15 -0700] "GET /admin HTTP/1.1" 404 1627 "-" "Nmap Scripting Engine"
10.0.0.23 - - [20/Jan/2026:06:34:57 -0700] "GET /.env HTTP/1.1" 403 11465 "-" "Mozilla/5.0 (Windows NT 10.0; Win64; x64) AppleWebKit/537.36 (KHTML, like Gecko) Chrome/91.0.4472.124 Safari/537.36"
203.0.113.5 - - [20/Jan/2026:19:29:42 -0700] "POST /admin HTTP/1.1" 403 14603 "-" "Mozilla/5.0 (Windows NT 10.0; Win64; x64) AppleWebKit/537.36 (KHTML, like Gecko) Chrome/91.0.4472.124 Safari/537.36"
185.220.101.45 - - [21/Jan/2026:02:08:32 -0700] "GET /assets/style.css HTTP/1.1" 200 7518 "-" "Mozilla/5.0 (Windows NT 10.0; Win64; x64) AppleWebKit/537.36 (KHTML, like Gecko) Chrome/91.0.4472.124 Safari/537.36"
192.168.1.101 - - [20/Jan/2026:12:28:07 -0700] "POST /dashboard HTTP/1.1" 301 12808 "-" "Mozilla/5.0 (Windows NT 10.0; Win64; x64) AppleWebKit/537.36 (KHTML, like Gecko) Chrome/91.0.4472.124 Safari/537.36"
10.0.0.23 - - [21/Jan/2026:03:20:11 -0700] "GET /search?q=<script>alert(1)</script> HTTP/1.1" 404 3045 "-" "Mozilla/5.0 (Windows NT 10.0; Win64; x64) AppleWebKit/537.36 (KHTML, like Gecko) Chrome/91.0.4472.124 Safari/537.36"
192.168.1.101 - - [20/Jan/2026:14:24:04 -0700] "POST /assets/style.css HTTP/1.1" 301 10970 "-" "Mozilla/5.0 (Windows NT 10.0; Win64; x64) AppleWebKit/537.36 (KHTML, like Gecko) Chrome/91.0.4472.124 Safari/537.36"
10.0.0.23 - - [20/Jan/2026:20:28:35 -0700] "GET /search?q=<script>alert(1)</script> HTTP/1.1" 404 2610 "-" "Nmap Scripting Engine"
203.0.113.5 - - [20/Jan/2026:08:40:53 -0700] "POST /admin HTTP/1.1" 200 900 "-" "Mozilla/5.0 (Windows NT 10.0; Win64; x64) AppleWebKit/537.36 (KHTML, like Gecko) Chrome/91.0.4472.124 Safari/537.36"
203.0.113.5 - - [20/Jan/2026:17:35:15 -0700] "GET /phpmyadmin HTTP/1.1" 200 436 "-" "Mozilla/5.0 (Windows NT 10.0; Win64; x64) AppleWebKit/537.36 (KHTML, like Gecko) Chrome/91.0.4472.124 Safari/537.36"
10.0.0.23 - - [20/Jan/2026:16:24:07 -0700] "GET /admin HTTP/1.1" 500 4043 "-" "Mozilla/5.0 (Unknown; Linux x86_64) AppleWebKit/534.34 (KHTML, like Gecko) PhantomJS/1.9.8 Safari/534.34"
192.168.1.101 - - [20/Jan/2026:14:39:48 -0700] "GET /assets/style.css HTTP/1.1" 301 4730 "-" "Mozilla/5.0 (Windows NT 10.0; Win64; x64) AppleWebKit/537.36 (KHTML, like Gecko) Chrome/91.0.4472.124 Safari/537.36"
10.0.0.23 - - [21/Jan/2026:01:44:44 -0700] "GET /.env HTTP/1.1" 404 3601 "-" "Mozilla/5.0 (Unknown; Linux x86_64) AppleWebKit/534.34 (KHTML, like Gecko) PhantomJS/1.9.8 Safari/534.34"
10.0.0.23 - - [21/Jan/2026:04:03:13 -0700] "GET /admin HTTP/1.1" 500 659 "-" "curl/7.68.0"
203.0.113.5 - - [21/Jan/2026:01:35:49 -0700] "GET /index.php?id=1' OR '1'='1 HTTP/1.1" 404 13749 "-" "Mozilla/5.0 (Windows NT 10.0; Win64; x64) AppleWebKit/537.36 (KHTML, like Gecko) Chrome/91.0.4472.124 Safari/537.36"
103.21.244.0 - - [20/Jan/2026:21:46:15 -0700] "GET /search?q=<script>alert(1)</script> HTTP/1.1" 404 1184 "-" "curl/7.68.0"
192.168.1.101 - - [21/Jan/2026:03:59:08 -0700] "POST / HTTP/1.1" 301 13261 "-" "Mozilla/5.0 (Windows NT 10.0; Win64; x64) AppleWebKit/537.36 (KHTML, like Gecko) Chrome/91.0.4472.124 Safari/537.36"
192.168.1.101 - - [21/Jan/2026:01:03:17 -0700] "POST /login HTTP/1.1" 301 6655 "-" "Mozilla/5.0 (Windows NT 10.0; Win64; x64) AppleWebKit/537.36 (KHTML, like Gecko) Chrome/91.0.4472.124 Safari/537.36"
203.0.113.5 - - [20/Jan/2026:15:20:15 -0700] "POST /admin HTTP/1.1" 200 2572 "-" "Mozilla/5.0 (Windows NT 10.0; Win64; x64) AppleWebKit/537.36 (KHTML, like Gecko) Chrome/91.0.4472.124 Safari/537.36"
203.0.113.5 - - [20/Jan/2026:22:39:59 -0700] "POST /.env HTTP/1.1" 500 8622 "-" "Mozilla/5.0 (Windows NT 10.0; Win64; x64) AppleWebKit/537.36 (KHTML, like Gecko) Chrome/91.0.4472.124 Safari/537.36"
185.220.101.45 - - [21/Jan/2026:00:36:25 -0700] "POST /images/logo.png HTTP/1.1" 301 7747 "-" "Mozilla/5.0 (Windows NT 10.0; Win64; x64) AppleWebKit/537.36 (KHTML, like Gecko) Chrome/91.0.4472.124 Safari/537.36"
192.168.1.101 - - [20/Jan/2026:10:45:34 -0700] "GET /assets/style.css HTTP/1.1" 304 14327 "-" "Mozilla/5.0 (Windows NT 10.0; Win64; x64) AppleWebKit/537.36 (KHTML, like Gecko) Chrome/91.0.4472.124 Safari/537.36"
192.168.1.101 - - [20/Jan/2026:23:34:38 -0700] "GET / HTTP/1.1" 304 2742 "-" "Mozilla/5.0 (Windows NT 10.0; Win64; x64) AppleWebKit/537.36 (KHTML, like Gecko) Chrome/91.0.4472.124 Safari/537.36"
192.168.1.101 - - [20/Jan/2026:09:45:48 -0700] "GET /assets/style.css HTTP/1.1" 200 2000 "-" "Mozilla/5.0 (Windows NT 10.0; Win64; x64) AppleWebKit/537.36 (KHTML, like Gecko) Chrome/91.0.4472.124 Safari/537.36"
198.51.100.23 - - [20/Jan/2026:18:50:57 -0700] "GET /admin HTTP/1.1" 403 4682 "-" "Nmap Scripting Engine"
203.0.113.5 - - [20/Jan/2026:10:25:04 -0700] "GET /index.php?id=1' OR '1'='1 HTTP/1.1" 200 10611 "-" "Mozilla/5.0 (Windows NT 10.0; Win64; x64) AppleWebKit/537.36 (KHTML, like Gecko) Chrome/91.0.4472.124 Safari/537.36"
10.0.0.23 - - [20/Jan/2026:09:37:01 -0700] "GET /search?q=<script>alert(1)</script> HTTP/1.1" 404 9767 "-" "Mozilla/5.0 (Windows NT 10.0; Win64; x64) AppleWebKit/537.36 (KHTML, like Gecko) Chrome/91.0.4472.124 Safari/537.36"
10.0.0.23 - - [20/Jan/2026:13:19:25 -0700] "GET /index.php?id=1' OR '1'='1 HTTP/1.1" 404 7750 "-" "Mozilla/5.0 (Windows NT 10.0; Win64; x64) AppleWebKit/537.36 (KHTML, like Gecko) Chrome/91.0.4472.124 Safari/537.36"
10.0.0.23 - - [20/Jan/2026:12:26:48 -0700] "GET /index.php?id=1' OR '1'='1 HTTP/1.1" 500 1571 "-" "Nmap Scripting Engine"
198.51.100.23 - - [20/Jan/2026:17:51:55 -0700] "GET /admin HTTP/1.1" 404 3326 "-" "Nmap Scripting Engine"
203.0.113.5 - - [20/Jan/2026:04:46:17 -0700] "POST /search?q=<script>alert(1)</script> HTTP/1.1" 500 9921 "-" "Mozilla/5.0 (Windows NT 10.0; Win64; x64) AppleWebKit/537.36 (KHTML, like Gecko) Chrome/91.0.4472.124 Safari/537.36"
185.220.101.45 - - [21/Jan/2026:00:10:56 -0700] "POST /images/logo.png HTTP/1.1" 200 7377 "-" "Mozilla/5.0 (Windows NT 10.0; Win64; x64) AppleWebKit/537.36 (KHTML, like Gecko) Chrome/91.0.4472.124 Safari/537.36"
192.168.1.101 - - [20/Jan/2026:19:42:13 -0700] "GET /assets/style.css HTTP/1.1" 304 1991 "-" "Mozilla/5.0 (Windows NT 10.0; Win64; x64) AppleWebKit/537.36 (KHTML, like Gecko) Chrome/91.0.4472.124 Safari/537.36"
103.21.244.0 - - [20/Jan/2026:19:15:11 -0700] "GET /index.php?id=1' OR '1'='1 HTTP/1.1" 500 1179 "-" "Mozilla/5.0 (Unknown; Linux x86_64) AppleWebKit/534.34 (KHTML, like Gecko) PhantomJS/1.9.8 Safari/534.34"
185.220.101.45 - - [20/Jan/2026:08:40:34 -0700] "POST /login HTTP/1.1" 301 9389 "-" "Mozilla/5.0 (Windows NT 10.0; Win64; x64) AppleWebKit/537.36 (KHTML, like Gecko) Chrome/91.0.4472.124 Safari/537.36"
185.220.101.45 - - [21/Jan/2026:02:02:15 -0700] "POST /login HTTP/1.1" 301 11979 "-" "Mozilla/5.0 (Windows NT 10.0; Win64; x64) AppleWebKit/537.36 (KHTML, like Gecko) Chrome/91.0.4472.124 Safari/537.36"
192.168.1.101 - - [20/Jan/2026:08:41:00 -0700] "POST /images/logo.png HTTP/1.1" 304 14637 "-" "Mozilla/5.0 (Windows NT 10.0; Win64; x64) AppleWebKit/537.36 (KHTML, like Gecko) Chrome/91.0.4472.124 Safari/537.36"
192.168.1.101 - - [20/Jan/2026:06:47:58 -0700] "GET /dashboard HTTP/1.1" 200 1877 "-" "Mozilla/5.0 (Windows NT 10.0; Win64; x64) AppleWebKit/537.36 (KHTML, like Gecko) Chrome/91.0.4472.124 Safari/537.36"
198.51.100.23 - - [20/Jan/2026:11:47:23 -0700] "GET /.env HTTP/1.1" 403 1035 "-" "curl/7.68.0"
198.51.100.23 - - [20/Jan/2026:18:43:02 -0700] "GET /phpmyadmin HTTP/1.1" 500 4041 "-" "curl/7.68.0"
192.168.1.101 - - [20/Jan/2026:07:29:49 -0700] "POST / HTTP/1.1" 304 14580 "-" "Mozilla/5.0 (Windows NT 10.0; Win64; x64) AppleWebKit/537.36 (KHTML, like Gecko) Chrome/91.0.4472.124 Safari/537.36"
103.21.244.0 - - [21/Jan/2026:02:59:16 -0700] "GET /admin HTTP/1.1" 403 3730 "-" "Mozilla/5.0 (Unknown; Linux x86_64) AppleWebKit/534.34 (KHTML, like Gecko) PhantomJS/1.9.8 Safari/534.34"
10.0.0.23 - - [20/Jan/2026:15:31:04 -0700] "GET /.env HTTP/1.1" 500 886 "-" "sqlmap/1.4.9#stable"
185.220.101.45 - - [21/Jan/2026:02:20:18 -0700] "POST /assets/style.css HTTP/1.1" 304 1132 "-" "Mozilla/5.0 (Windows NT 10.0; Win64; x64) AppleWebKit/537.36 (KHTML, like Gecko) Chrome/91.0.4472.124 Safari/537.36"
185.220.101.45 - - [20/Jan/2026:13:26:20 -0700] "POST /images/logo.png HTTP/1.1" 301 1122 "-" "Mozilla/5.0 (Windows NT 10.0; Win64; x64) AppleWebKit/537.36 (KHTML, like Gecko) Chrome/91.0.4472.124 Safari/537.36"
185.220.101.45 - - [20/Jan/2026:17:47:45 -0700] "POST /dashboard HTTP/1.1" 200 12144 "-" "Mozilla/5.0 (Windows NT 10.0; Win64; x64) AppleWebKit/537.36 (KHTML, like Gecko) Chrome/91.0.4472.124 Safari/537.36"
203.0.113.5 - - [20/Jan/2026:12:37:57 -0700] "POST /index.php?id=1' OR '1'='1 HTTP/1.1" 200 542 "-" "Mozilla/5.0 (Windows NT 10.0; Win64; x64) AppleWebKit/537.36 (KHTML, like Gecko) Chrome/91.0.4472.124 Safari/537.36"
185.220.101.45 - - [20/Jan/2026:06:48:08 -0700] "GET /assets/style.css HTTP/1.1" 200 7561 "-" "Mozilla/5.0 (Windows NT 10.0; Win64; x64) AppleWebKit/537.36 (KHTML, like Gecko) Chrome/91.0.4472.124 Safari/537.36"
185.220.101.45 - - [20/Jan/2026:14:13:49 -0700] "GET /images/logo.png HTTP/1.1" 304 14777 "-" "Mozilla/5.0 (Windows NT 10.0; Win64; x64) AppleWebKit/537.36 (KHTML, like Gecko) Chrome/91.0.4472.124 Safari/537.36"
203.0.113.5 - - [20/Jan/2026:07:15:46 -0700] "GET /search?q=<script>alert(1)</script> HTTP/1.1" 404 6175 "-" "Mozilla/5.0 (Windows NT 10.0; Win64; x64) AppleWebKit/537.36 (KHTML, like Gecko) Chrome/91.0.4472.124 Safari/537.36"
185.220.101.45 - - [21/Jan/2026:00:26:33 -0700] "POST /images/logo.png HTTP/1.1" 301 2849 "-" "Mozilla/5.0 (Windows NT 10.0; Win64; x64) AppleWebKit/537.36 (KHTML, like Gecko) Chrome/91.0.4472.124 Safari/537.36"
192.168.1.101 - - [20/Jan/2026:09:17:55 -0700] "GET /assets/style.css HTTP/1.1" 200 7484 "-" "Mozilla/5.0 (Windows NT 10.0; Win64; x64) AppleWebKit/537.36 (KHTML, like Gecko) Chrome/91.0.4472.124 Safari/537.36"
192.168.1.101 - - [20/Jan/2026:13:42:56 -0700] "GET /dashboard HTTP/1.1" 301 11679 "-" "Mozilla/5.0 (Windows NT 10.0; Win64; x64) AppleWebKit/537.36 (KHTML, like Gecko) Chrome/91.0.4472.124 Safari/537.36"
10.0.0.23 - - [20/Jan/2026:05:07:54 -0700] "GET /index.php?id=1' OR '1'='1 HTTP/1.1" 403 3947 "-" "sqlmap/1.4.9#stable"
10.0.0.23 - - [20/Jan/2026:23:44:47 -0700] "GET /.env HTTP/1.1" 403 10865 "-" "Mozilla/5.0 (Windows NT 10.0; Win64; x64) AppleWebKit/537.36 (KHTML, like Gecko) Chrome/91.0.4472.124 Safari/537.36"
185.220.101.45 - - [21/Jan/2026:01:01:58 -0700] "POST /images/logo.png HTTP/1.1" 301 6913 "-" "Mozilla/5.0 (Windows NT 10.0; Win64; x64) AppleWebKit/537.36 (KHTML, like Gecko) Chrome/91.0.4472.124 Safari/537.36"
203.0.113.5 - - [20/Jan/2026:21:33:35 -0700] "POST /search?q=<script>alert(1)</script> HTTP/1.1" 200 9058 "-" "Mozilla/5.0 (Windows NT 10.0; Win64; x64) AppleWebKit/537.36 (KHTML, like Gecko) Chrome/91.0.4472.124 Safari/537.36"
10.0.0.23 - - [20/Jan/2026:13:40:32 -0700] "GET /phpmyadmin HTTP/1.1" 404 2986 "-" "Nmap Scripting Engine"
198.51.100.23 - - [21/Jan/2026:03:25:53 -0700] "GET /search?q=<script>alert(1)</script> HTTP/1.1" 404 2383 "-" "Nmap Scripting Engine"
203.0.113.5 - - [20/Jan/2026:07:02:50 -0700] "POST /phpmyadmin HTTP/1.1" 200 8565 "-" "Mozilla/5.0 (Windows NT 10.0; Win64; x64) AppleWebKit/537.36 (KHTML, like Gecko) Chrome/91.0.4472.124 Safari/537.36"
185.220.101.45 - - [20/Jan/2026:10:54:47 -0700] "GET /assets/style.css HTTP/1.1" 200 2629 "-" "Mozilla/5.0 (Windows NT 10.0; Win64; x64) AppleWebKit/537.36 (KHTML, like Gecko) Chrome/91.0.4472.124 Safari/537.36"
192.168.1.101 - - [21/Jan/2026:01:49:44 -0700] "GET /login HTTP/1.1" 200 5529 "-" "Mozilla/5.0 (Windows NT 10.0; Win64; x64) AppleWebKit/537.36 (KHTML, like Gecko) Chrome/91.0.4472.124 Safari/537.36"
185.220.101.45 - - [20/Jan/2026:22:49:42 -0700] "POST /images/logo.png HTTP/1.1" 301 697 "-" "Mozilla/5.0 (Windows NT 10.0; Win64; x64) AppleWebKit/537.36 (KHTML, like Gecko) Chrome/91.0.4472.124 Safari/537.36"
192.168.1.101 - - [20/Jan/2026:11:42:12 -0700] "GET / HTTP/1.1" 304 6515 "-" "Mozilla/5.0 (Windows NT 10.0; Win64; x64) AppleWebKit/537.36 (KHTML, like Gecko) Chrome/91.0.4472.124 Safari/537.36"
192.168.1.101 - - [20/Jan/2026:21:42:30 -0700] "GET /login HTTP/1.1" 301 7770 "-" "Mozilla/5.0 (Windows NT 10.0; Win64; x64) AppleWebKit/537.36 (KHTML, like Gecko) Chrome/91.0.4472.124 Safari/537.36"
185.220.101.45 - - [20/Jan/2026:07:32:45 -0700] "GET /images/logo.png HTTP/1.1" 200 6117 "-" "Mozilla/5.0 (Windows NT 10.0; Win64; x64) AppleWebKit/537.36 (KHTML, like Gecko) Chrome/91.0.4472.124 Safari/537.36"
192.168.1.101 - - [21/Jan/2026:00:11:22 -0700] "POST / HTTP/1.1" 301 3412 "-" "Mozilla/5.0 (Windows NT 10.0; Win64; x64) AppleWebKit/537.36 (KHTML, like Gecko) Chrome/91.0.4472.124 Safari/537.36"
103.21.244.0 - - [20/Jan/2026:08:43:52 -0700] "GET /search?q=<script>alert(1)</script> HTTP/1.1" 500 4557 "-" "Mozilla/5.0 (Unknown; Linux x86_64) AppleWebKit/534.34 (KHTML, like Gecko) PhantomJS/1.9.8 Safari/534.34"
192.168.1.101 - - [20/Jan/2026:21:26:32 -0700] "POST /assets/style.css HTTP/1.1" 200 2046 "-" "Mozilla/5.0 (Windows NT 10.0; Win64; x64) AppleWebKit/537.36 (KHTML, like Gecko) Chrome/91.0.4472.124 Safari/537.36"