192.168.1.101 - - [20/Jan/2026:13:35:15 -0700] "POST /login HTTP/1.1" 304 3377 "-" "Mozilla/5.0 (Windows NT 10.0; Win64; x64) AppleWebKit/537.36 (KHTML, like Gecko) Chrome/91.0.4472.124 Safari/537.36"
10.0.0.23 - - [20/Jan/2026:18:00:14 -0700] "GET /phpmyadmin HTTP/1.1" 500 4019 "-" "sqlmap/1.4.9#stable"
203.0.113.5 - - [20/Jan/2026:22:38:00 -0700] "POST /.env HTTP/1.1" 403 15553 "-" "Mozilla/5.0 (Windows NT 10.0; Win64; x64) AppleWebKit/537.36 (KHTML, like Gecko) Chrome/91.0.4472.124 Safari/537.36"
103.21.244.0 - - [20/Jan/2026:06:00:55 -0700] "GET /.env HTTP/1.1" 500 3578 "-" "curl/7.68.0"
103.21.244.0 - - [21/Jan/2026:02:40:35 -0700] "GET /search?q=<script>alert(1)</script> HTTP/1.1" 404 4507 "-" "Mozilla/5.0 (Unknown; Linux x86_64) AppleWebKit/534.34 (KHTML, like Gecko) PhantomJS/1.9.8 Safari/534.34"
185.220.101.45 - - [20/Jan/2026:10:26:06 -0700] "POST /login HTTP/1.1" 301 2515 "-" "Mozilla/5.0 (Windows NT 10.0; Win64; x64) AppleWebKit/537.36 (KHTML, like Gecko) Chrome/91.0.4472.124 Safari/537.36"
103.21.244.0 - - [20/Jan/2026:09:36:52 -0700] "GET /.env HTTP/1.1" 404 4111 "-" "Nmap Scripting Engine"
203.0.113.5 - - [20/Jan/2026:16:55:18 -0700] "GET /admin HTTP/1.1" 200 11656 "-" "Mozilla/5.0 (Windows NT 10.0; Win64; x64) AppleWebKit/537.36 (KHTML, like Gecko) Chrome/91.0.4472.124 Safari/537.36"
192.168.1.101 - - [20/Jan/2026:05:08:38 -0700] "POST /images/logo.png HTTP/1.1" 304 8608 "-" "Mozilla/5.0 (Windows NT 10.0; Win64; x64) AppleWebKit/537.36 (KHTML, like Gecko) Chrome/91.0.4472.124 Safari/537.36"
192.168.1.101 - - [20/Jan/2026:15:12:54 -0700] "POST /images/logo.png HTTP/1.1" 200 8956 "-" "Mozilla/5.0 (Windows NT 10.0; Win64; x64) AppleWebKit/537.36 (KHTML, like Gecko) Chrome/91.0.4472.124 Safari/537.36"
10.0.0.23 - - [20/Jan/2026:20:01:34 -0700] "POST /phpmyadmin HTTP/1.1" 200 18797 "-" "Mozilla/5.0 (Windows NT 10.0; Win64; x64) AppleWebKit/537.36 (KHTML, like Gecko) Chrome/91.0.4472.124 Safari/537.36"
185.220.101.45 - - [20/Jan/2026:14:22:00 -0700] "GET /assets/style.css HTTP/1.1" 301 14234 "-" "Mozilla/5.0 (Windows NT 10.0; Win64; x64) AppleWebKit/537.36 (KHTML, like Gecko) Chrome/91.0.4472.124 Safari/537.36"
103.21.244.0 - - [20/Jan/2026:09:26:24 -0700] "GET /.env HTTP/1.1" 404 3761 "-" "Mozilla/5.0 (Unknown; Linux x86_64) AppleWebKit/534.34 (KHTML, like Gecko) PhantomJS/1.9.8 Safari/534.34"
103.21.244.0 - - [20/Jan/2026:07:54:14 -0700] "GET /index.php?id=1' OR '1'='1 HTTP/1.1" 403 3907 "-" "sqlmap/1.4.9#stable"
192.168.1.101 - - [20/Jan/2026:11:33:22 -0700] "POST /login HTTP/1.1" 200 4890 "-" "Mozilla/5.0 (Windows NT 10.0; Win64; x64) AppleWebKit/537.36 (KHTML, like Gecko) Chrome/91.0.4472.124 Safari/537.36"
103.21.244.0 - - [20/Jan/2026:13:13:31 -0700] "GET /admin HTTP/1.1" 500 1295 "-" "Mozilla/5.0 (Unknown; Linux x86_64) AppleWebKit/534.34 (KHTML, like Gecko) PhantomJS/1.9.8 Safari/534.34"
185.220.101.45 - - [20/Jan/2026:16:20:52 -0700] "GET /dashboard HTTP/1.1" 200 3626 "-" "Mozilla/5.0 (Windows NT 10.0; Win64; x64) AppleWebKit/537.36 (KHTML, like Gecko) Chrome/91.0.4472.124 Safari/537.36"
10.0.0.23 - - [20/Jan/2026:19:20:05 -0700] "POST /admin HTTP/1.1" 403 12011 "-" "Mozilla/5.0 (Windows NT 10.0; Win64; x64) AppleWebKit/537.36 (KHTML, like Gecko) Chrome/91.0.4472.124 Safari/537.36"
192.168.1.101 - - [21/Jan/2026:02:42:43 -0700] "GET /login HTTP/1.1" 200 5599 "-" "Mozilla/5.0 (Windows NT 10.0; Win64; x64) AppleWebKit/537.36 (KHTML, like Gecko) Chrome/91.0.4472.124 Safari/537.36"
185.220.101.45 - - [21/Jan/2026:01:33:01 -0700] "GET / HTTP/1.1" 200 4637 "-" "Mozilla/5.0 (Windows NT 10.0; Win64; x64) AppleWebKit/537.36 (KHTML, like Gecko) Chrome/91.0.4472.124 Safari/537.36"
103.21.244.0 - - [20/Jan/2026:08:13:49 -0700] "GET /index.php?id=1' OR '1'='1 HTTP/1.1" 500 1430 "-" "sqlmap/1.4.9#stable"
185.220.101.45 - - [20/Jan/2026:08:09:50 -0700] "POST /dashboard HTTP/1.1" 301 9231 "-" "Mozilla/5.0 (Windows NT 10.0; Win64; x64) AppleWebKit/537.36 (KHTML, like Gecko) Chrome/91.0.4472.124 Safari/537.36"
185.220.101.45 - - [20/Jan/2026:07:03:39 -0700] "POST /assets/style.css HTTP/1.1" 301 4074 "-" "Mozilla/5.0 (Windows NT 10.0; Win64; x64) AppleWebKit/537.36 (KHTML, like Gecko) Chrome/91.0.4472.124 Safari/537.36"
192.168.1.101 - - [20/Jan/2026:05:02:33 -0700] "GET /assets/style.css HTTP/1.1" 200 2594 "-" "Mozilla/5.0 (Windows NT 10.0; Win64; x64) AppleWebKit/537.36 (KHTML, like Gecko) Chrome/91.0.4472.124 Safari/537.36"
185.220.101.45 - - [20/Jan/2026:19:20:06 -0700] "GET /images/logo.png HTTP/1.1" 200 1199 "-" "Mozilla/5.0 (Windows NT 10.0; Win64; x64) AppleWebKit/537.36 (KHTML, like Gecko) Chrome/91.0.4472.124 Safari/537.36"
198.51.100.23 - - [20/Jan/2026:09:19:16 -0700] "GET /admin HTTP/1.1" 500 4391 "-" "curl/7.68.0"
10.0.0.23 - - [20/Jan/2026:19:26:49 -0700] "GET /search?q=<script>alert(1)</script> HTTP/1.1" 404 3610 "-" "Nmap Scripting Engine"
185.220.101.45 - - [21/Jan/2026:04:42:30 -0700] "POST /dashboard HTTP/1.1" 301 8362 "-" "Mozilla/5.0 (Windows NT 10.0; Win64; x64) AppleWebKit/537.36 (KHTML, like Gecko) Chrome/91.0.4472.124 Safari/537.36"
192.168.1.101 - - [21/Jan/2026:04:33:24 -0700] "POST /images/logo.png HTTP/1.1" 304 13602 "-" "Mozilla/5.0 (Windows NT 10.0; Win64; x64) AppleWebKit/537.36 (KHTML, like Gecko) Chrome/91.0.4472.124 Safari/537.36"
198.51.100.23 - - [20/Jan/2026:17:14:28 -0700] "GET /.env HTTP/1.1" 500 3996 "-" "Mozilla/5.0 (Unknown; Linux x86_64) AppleWebKit/534.34 (KHTML, like Gecko) PhantomJS/1.9.8 Safari/534.34"
192.168.1.101 - - [21/Jan/2026:02:07:58 -0700] "GET /login HTTP/1.1" 200 5279 "-" "Mozilla/5.0 (Windows NT 10.0; Win64; x64) AppleWebKit/537.36 (KHTML, like Gecko) Chrome/91.0.4472.124 Safari/537.36"
198.51.100.23 - - [20/Jan/2026:21:57:03 -0700] "GET /admin HTTP/1.1" 500 4031 "-" "Mozilla/5.0 (Unknown; Linux x86_64) AppleWebKit/534.34 (KHTML, like Gecko) PhantomJS/1.9.8 Safari/534.34"
103.21.244.0 - - [20/Jan/2026:08:56:40 -0700] "GET /phpmyadmin HTTP/1.1" 403 1292 "-" "sqlmap/1.4.9#stable"
198.51.100.23 - - [20/Jan/2026:09:48:17 -0700] "GET /phpmyadmin HTTP/1.1" 404 4269 "-" "curl/7.68.0"
103.21.244.0 - - [20/Jan/2026:18:14:01 -0700] "GET /search?q=<script>alert(1)</script> HTTP/1.1" 403 3270 "-" "curl/7.68.0"
10.0.0.23 - - [20/Jan/2026:14:46:59 -0700] "GET /.env HTTP/1.1" 500 2619 "-" "Nmap Scripting Engine"
103.21.244.0 - - [20/Jan/2026:19:01:10 -0700] "GET /admin HTTP/1.1" 404 3489 "-" "Nmap Scripting Engine"
192.168.1.101 - - [20/Jan/2026:07:33:29 -0700] "GET /images/logo.png HTTP/1.1" 304 12414 "-" "Mozilla/5.0 (Windows NT 10.0; Win64; x64) AppleWebKit/537.36 (KHTML, like Gecko) Chrome/91.0.4472.124 Safari/537.36"
198.51.100.23 - - [21/Jan/2026:04:13:51 -0700] "GET /index.php?id=1' OR '1'='1 HTTP/1.1" 404 1929 "-" "sqlmap/1.4.9#stable"
192.168.1.101 - - [20/Jan/2026:12:14:15 -0700] "GET /images/logo.png HTTP/1.1" 304 9891 "-" "Mozilla/5.0 (Windows NT 10.0; Win64; x64) AppleWebKit/537.36 (KHTML, like Gecko) Chrome/91.0.4472.124 Safari/537.36"
10.0.0.23 - - [20/Jan/2026:05:13:31 -0700] "GET /search?q=<script>alert(1)</script> HTTP/1.1" 404 4765 "-" "sqlmap/1.4.9#stable"
203.0.113.5 - - [20/Jan/2026:19:52:42 -0700] "POST /search?q=<script>alert(1)</script> HTTP/1.1" 500 203 "-" "Mozilla/5.0 (Windows NT 10.0; Win64; x64) AppleWebKit/537.36 (KHTML, like Gecko) Chrome/91.0.4472.124 Safari/537.36"
192.168.1.101 - - [21/Jan/2026:03:05:37 -0700] "GET /assets/style.css HTTP/1.1" 200 13329 "-" "Mozilla/5.0 (Windows NT 10.0; Win64; x64) AppleWebKit/537.36 (KHTML, like Gecko) Chrome/91.0.4472.124 Safari/537.36"
185.220.101.45 - - [20/Jan/2026:08:01:59 -0700] "POST /dashboard HTTP/1.1" 304 8885 "-" "Mozilla/5.0 (Windows NT 10.0; Win64; x64) AppleWebKit/537.36 (KHTML, like Gecko) Chrome/91.0.4472.124 Safari/537.36"
185.220.101.45 - - [20/Jan/2026:19:21:12 -0700] "POST /images/logo.png HTTP/1.1" 200 5749 "-" "Mozilla/5.0 (Windows NT 10.0; Win64; x64) AppleWebKit/537.36 (KHTML, like Gecko) Chrome/91.0.4472.124 Safari/537.36"
10.0.0.23 - - [20/Jan/2026:09:54:35 -0700] "GET /search?q=<script>alert(1)</script> HTTP/1.1" 403 1013 "-" "Nmap Scripting Engine"
10.0.0.23 - - [21/Jan/2026:01:08:27 -0700] "GET /index.php?id=1' OR '1'='1 HTTP/1.1" 404 3214 "-" "Mozilla/5.0 (Windows NT 10.0; Win64; x64) AppleWebKit/537.36 (KHTML, like Gecko) Chrome/91.0.4472.124 Safari/537.36"
185.220.101.45 - - [21/Jan/2026:03:41:23 -0700] "POST /assets/style.css HTTP/1.1" 304 5445 "-" "Mozilla/5.0 (Windows NT 10.0; Win64; x64) AppleWebKit/537.36 (KHTML, like Gecko) Chrome/91.0.4472.124 Safari/537.36"
192.168.1.101 - - [20/Jan/2026:10:53:31 -0700] "POST /login HTTP/1.1" 301 5822 "-" "Mozilla/5.0 (Windows NT 10.0; Win64; x64) AppleWebKit/537.36 (KHTML, like Gecko) Chrome/91.0.4472.124 Safari/537.36"
192.168.1.101 - - [20/Jan/2026:23:23:14 -0700] "GET / HTTP/1.1" 304 3040 "-" "Mozilla/5.0 (Windows NT 10.0; Win64; x64) AppleWebKit/537.36 (KHTML, like Gecko) Chrome/91.0.4472.124 Safari/537.36"
185.220.101.45 - - [20/Jan/2026:06:45:33 -0700] "POST /dashboard HTTP/1.1" 200 4770 "-" "Mozilla/5.0 (Windows NT 10.0; Win64; x64) AppleWebKit/537.36 (KHTML, like Gecko) Chrome/91.0.4472.124 Safari/537.36"
10.0.0.23 - - [21/Jan/2026:01:04:09 -0700] "POST /search?q=<script>alert(1)</script> HTTP/1.1" 200 662 "-" "Mozilla/5.0 (Windows NT 10.0; Win64; x64) AppleWebKit/537.36 (KHTML, like Gecko) Chrome/91.0.4472.124 Safari/537.36"
198.51.100.23 - - [20/Jan/2026:09:13:06 -0700] "GET /admin HTTP/1.1" 404 874 "-" "Mozilla/5.0 (Unknown; Linux x86_64) AppleWebKit/534.34 (KHTML, like Gecko) PhantomJS/1.9.8 Safari/534.34"
203.0.113.5 - - [21/Jan/2026:00:03:41 -0700] "POST /index.php?id=1' OR '1'='1 HTTP/1.1" 403 11574 "-" "Mozilla/5.0 (Windows NT 10.0; Win64; x64) AppleWebKit/537.36 (KHTML, like Gecko) Chrome/91.0.4472.124 Safari/537.36"
192.168.1.101 - - [20/Jan/2026:22:11:09 -0700] "POST /images/logo.png HTTP/1.1" 301 8574 "-" "Mozilla/5.0 (Windows NT 10.0; Win64; x64) AppleWebKit/537.36 (KHTML, like Gecko) Chrome/91.0.4472.124 Safari/537.36"
203.0.113.5 - - [20/Jan/2026:11:11:46 -0700] "GET /.env HTTP/1.1" 403 10696 "-" "Mozilla/5.0 (Windows NT 10.0; Win64; x64) AppleWebKit/537.36 (KHTML, like Gecko) Chrome/91.0.4472.124 Safari/537.36"
203.0.113.5 - - [20/Jan/2026:23:11:28 -0700] "POST /.env HTTP/1.1" 200 16441 "-" "Mozilla/5.0 (Windows NT 10.0; Win64; x64) AppleWebKit/537.36 (KHTML, like Gecko) Chrome/91.0.4472.124 Safari/537.36"
10.0.0.23 - - [20/Jan/2026:20:28:52 -0700] "GET /admin HTTP/1.1" 404 3951 "-" "sqlmap/1.4.9#stable"
10.0.0.23 - - [20/Jan/2026:16:50:21 -0700] "GET /index.php?id=1' OR '1'='1 HTTP/1.1" 403 7281 "-" "Mozilla/5.0 (Windows NT 10.0; Win64; x64) AppleWebKit/537.36 (KHTML, like Gecko) Chrome/91.0.4472.124 Safari/537.36"
198.51.100.23 - - [20/Jan/2026:23:52:05 -0700] "GET /search?q=<script>alert(1)</script> HTTP/1.1" 403 3470 "-" "sqlmap/1.4.9#stable"
203.0.113.5 - - [20/Jan/2026:19:19:19 -0700] "GET /.env HTTP/1.1" 403 12690 "-" "Mozilla/5.0 (Windows NT 10.0; Win64; x64) AppleWebKit/537.36 (KHTML, like Gecko) Chrome/91.0.4472.124 Safari/537.36"
10.0.0.23 - - [20/Jan/2026:11:45:28 -0700] "GET /index.php?id=1' OR '1'='1 HTTP/1.1" 500 3860 "-" "sqlmap/1.4.9#stable"
10.0.0.23 - - [20/Jan/2026:07:28:38 -0700] "GET /index.php?id=1' OR '1'='1 HTTP/1.1" 403 4652 "-" "Mozilla/5.0 (Unknown; Linux x86_64) AppleWebKit/534.34 (KHTML, like Gecko) PhantomJS/1.9.8 Safari/534.34"
192.168.1.101 - - [20/Jan/2026:16:51:04 -0700] "POST /images/logo.png HTTP/1.1" 200 12651 "-" "Mozilla/5.0 (Windows NT 10.0; Win64; x64) AppleWebKit/537.36 (KHTML, like Gecko) Chrome/91.0.4472.124 Safari/537.36"
185.220.101.45 - - [20/Jan/2026:23:38:24 -0700] "POST /assets/style.css HTTP/1.1" 304 2644 "-" "Mozilla/5.0 (Windows NT 10.0; Win64; x64) AppleWebKit/537.36 (KHTML, like Gecko) Chrome/91.0.4472.124 Safari/537.36"
192.168.1.101 - - [20/Jan/2026:09:14:06 -0700] "POST / HTTP/1.1" 301 7668 "-" "Mozilla/5.0 (Windows NT 10.0; Win64; x64) AppleWebKit/537.36 (KHTML, like Gecko) Chrome/91.0.4472.124 Safari/537.36"
185.220.101.45 - - [20/Jan/2026:09:11:08 -0700] "POST / HTTP/1.1" 301 7007 "-" "Mozilla/5.0 (Windows NT 10.0; Win64; x64) AppleWebKit/537.36 (KHTML, like Gecko) Chrome/91.0.4472.124 Safari/537.36"
192.168.1.101 - - [20/Jan/2026:10:11:27 -0700] "GET /assets/style.css HTTP/1.1" 301 13466 "-" "Mozilla/5.0 (Windows NT 10.0; Win64; x64) AppleWebKit/537.36 (KHTML, like Gecko) Chrome/91.0.4472.124 Safari/537.36"
203.0.113.5 - - [21/Jan/2026:04:19:18 -0700] "GET /search?q=<script>alert(1)</script> HTTP/1.1" 404 17455 "-" "Mozilla/5.0 (Windows NT 10.0; Win64; x64) AppleWebKit/537.36 (KHTML, like Gecko) Chrome/91.0.4472.124 Safari/537.36"
185.220.101.45 - - [20/Jan/2026:07:54:01 -0700] "GET /login HTTP/1.1" 200 13141 "-" "Mozilla/5.0 (Windows NT 10.0; Win64; x64) AppleWebKit/537.36 (KHTML, like Gecko) Chrome/91.0.4472.124 Safari/537.36"
10.0.0.23 - - [20/Jan/2026:18:11:11 -0700] "POST /phpmyadmin HTTP/1.1" 403 13921 "-" "Mozilla/5.0 (Windows NT 10.0; Win64; x64) AppleWebKit/537.36 (KHTML, like Gecko) Chrome/91.0.4472.124 Safari/537.36"
192.168.1.101 - - [20/Jan/2026:12:42:10 -0700] "GET /assets/style.css HTTP/1.1" 301 4778 "-" "Mozilla/5.0 (Windows NT 10.0; Win64; x64) AppleWebKit/537.36 (KHTML, like Gecko) Chrome/91.0.4472.124 Safari/537.36"
185.220.101.45 - - [20/Jan/2026:04:59:01 -0700] "GET / HTTP/1.1" 304 8785 "-" "Mozilla/5.0 (Windows NT 10.0; Win64; x64) AppleWebKit/537.36 (KHTML, like Gecko) Chrome/91.0.4472.124 Safari/537.36"
10.0.0.23 - - [20/Jan/2026:06:52:09 -0700] "GET /admin HTTP/1.1" 404 3763 "-" "Mozilla/5.0 (Unknown; Linux x86_64) AppleWebKit/534.34 (KHTML, like Gecko) PhantomJS/1.9.8 Safari/534.34"
10.0.0.23 - - [20/Jan/2026:15:09:25 -0700] "GET /phpmyadmin HTTP/1.1" 404 4499 "-" "Nmap Scripting Engine"
185.220.101.45 - - [21/Jan/2026:01:59:18 -0700] "GET / HTTP/1.1" 200 8650 "-" "Mozilla/5.0 (Windows NT 10.0; Win64; x64) AppleWebKit/537.36 (KHTML, like Gecko) Chrome/91.0.4472.124 Safari/537.36"
192.168.1.101 - - [20/Jan/2026:08:24:25 -0700] "POST /dashboard HTTP/1.1" 304 8538 "-" "Mozilla/5.0 (Windows NT 10.0; Win64; x64) AppleWebKit/537.36 (KHTML, like Gecko) Chrome/91.0.4472.124 Safari/537.36"
10.0.0.23 - - [20/Jan/2026:16:04:37 -0700] "GET /.env HTTP/1.1" 404 1648 "-" "Nmap Scripting Engine"
185.220.101.45 - - [20/Jan/2026:06:04:30 -0700] "POST /dashboard HTTP/1.1" 200 4912 "-" "Mozilla/5.0 (Windows NT 10.0; Win64; x64) AppleWebKit/537.36 (KHTML, like Gecko) Chrome/91.0.4472.124 Safari/537.36"
192.168.1.101 - - [20/Jan/2026:05:34:46 -0700] "POST / HTTP/1.1" 301 10155 "-" "Mozilla/5.0 (Windows NT 10.0; Win64; x64) AppleWebKit/537.36 (KHTML, like Gecko) Chrome/91.0.4472.124 Safari/537.36"
192.168.1.101 - - [20/Jan/2026:05:51:45 -0700] "GET /login HTTP/1.1" 301 10794 "-" "Mozilla/5.0 (Windows NT 10.0; Win64; x64) AppleWebKit/537.36 (KHTML, like Gecko) Chrome/91.0.4472.124 Safari/537.36"
10.0.0.23 - - [20/Jan/2026:16:24:48 -0700] "POST /.env HTTP/1.1" 200 15964 "-" "Mozilla/5.0 (Windows NT 10.0; Win64; x64) AppleWebKit/537.36 (KHTML, like Gecko) Chrome/91.0.4472.124 Safari/537.36"
185.220.101.45 - - [20/Jan/2026:17:42:06 -0700] "GET /login HTTP/1.1" 301 3367 "-" "Mozilla/5.0 (Windows NT 10.0; Win64; x64) AppleWebKit/537.36 (KHTML, like Gecko) Chrome/91.0.4472.124 Safari/537.36"
185.220.101.45 - - [21/Jan/2026:01:01:27 -0700] "POST /login HTTP/1.1" 200 2211 "-" "Mozilla/5.0 (Windows NT 10.0; Win64; x64) AppleWebKit/537.36 (KHTML, like Gecko) Chrome/91.0.4472.124 Safari/537.36"
192.168.1.101 - - [21/Jan/2026:02:55:15 -0700] "POST /assets/style.css HTTP/1.1" 301 7667 "-" "Mozilla/5.0 (Windows NT 10.0; Win64; x64) AppleWebKit/537.36 (KHTML, like Gecko) Chrome/91.0.4472.124 Safari/537.36"
10.0.0.23 - - [21/Jan/2026:00:10:14 -0700] "GET /index.php?id=1' OR '1'='1 HTTP/1.1" 500 3056 "-" "Mozilla/5.0 (Unknown; Linux x86_64) AppleWebKit/534.34 (KHTML, like Gecko) PhantomJS/1.9.8 Safari/534.34"
185.220.101.45 - - [20/Jan/2026:08:04:57 -0700] "POST /dashboard HTTP/1.1" 301 11975 "-" "Mozilla/5.0 (Windows NT 10.0; Win64; x64) AppleWebKit/537.36 (KHTML, like Gecko) Chrome/91.0.4472.124 Safari/537.36"
198.51.100.23 - - [20/Jan/2026:07:46:30 -0700] "GET /.env HTTP/1.1" 403 3670 "-" "sqlmap/1.4.9#stable"
192.168.1.101 - - [20/Jan/2026:21:28:41 -0700] "POST / HTTP/1.1" 200 14748 "-" "Mozilla/5.0 (Windows NT 10.0; Win64; x64) AppleWebKit/537.36 (KHTML, like Gecko) Chrome/91.0.4472.124 Safari/537.36"
203.0.113.5 - - [20/Jan/2026:21:14:05 -0700] "GET /index.php?id=1' OR '1'='1 HTTP/1.1" 200 13707 "-" "Mozilla/5.0 (Windows NT 10.0; Win64; x64) AppleWebKit/537.36 (KHTML, like Gecko) Chrome/91.0.4472.124 Safari/537.36"
203.0.113.5 - - [20/Jan/2026:20:24:45 -0700] "GET /index.php?id=1' OR '1'='1 HTTP/1.1" 403 851 "-" "Mozilla/5.0 (Windows NT 10.0; Win64; x64) AppleWebKit/537.36 (KHTML, like Gecko) Chrome/91.0.4472.124 Safari/537.36"
192.168.1.101 - - [21/Jan/2026:00:58:49 -0700] "GET /assets/style.css HTTP/1.1" 304 10719 "-" "Mozilla/5.0 (Windows NT 10.0; Win64; x64) AppleWebKit/537.36 (KHTML, like Gecko) Chrome/91.0.4472.124 Safari/537.36"
192.168.1.101 - - [21/Jan/2026:00:05:27 -0700] "POST /dashboard HTTP/1.1" 301 9158 "-" "Mozilla/5.0 (Windows NT 10.0; Win64; x64) AppleWebKit/537.36 (KHTML, like Gecko) Chrome/91.0.4472.124 Safari/537.36"
203.0.113.5 - - [20/Jan/2026:08:52:33 -0700] "POST /phpmyadmin HTTP/1.1" 403 9679 "-" "Mozilla/5.0 (Windows NT 10.0; Win64; x64) AppleWebKit/537.36 (KHTML, like Gecko) Chrome/91.0.4472.124 Safari/537.36"
203.0.113.5 - - [20/Jan/2026:22:52:17 -0700] "GET /index.php?id=1' OR '1'='1 HTTP/1.1" 404 10305 "-" "Mozilla/5.0 (Windows NT 10.0; Win64; x64) AppleWebKit/537.36 (KHTML, like Gecko) Chrome/91.0.4472.124 Safari/537.36"
185.220.101.45 - - [21/Jan/2026:00:46:01 -0700] "GET / HTTP/1.1" 301 9372 "-" "Mozilla/5.0 (Windows NT 10.0; Win64; x64) AppleWebKit/537.36 (KHTML, like Gecko) Chrome/91.0.4472.124 Safari/537.36"
103.21.244.0 - - [21/Jan/2026:03:20:48 -0700] "GET /admin HTTP/1.1" 403 3784 "-" "Mozilla/5.0 (Unknown; Linux x86_64) AppleWebKit/534.34 (KHTML, like Gecko) PhantomJS/1.9.8 Safari/534.34"
10.0.0.23 - - [20/Jan/2026:07:10:00 -0700] "GET /admin HTTP/1.1" 500 911 "-" "Nmap Scripting Engine"
192.168.1.101 - - [20/Jan/2026:05:57:03 -0700] "POST / HTTP/1.1" 301 7434 "-" "Mozilla/5.0 (Windows NT 10.0; Win64; x64) AppleWebKit/537.36 (KHTML, like Gecko) Chrome/91.0.4472.124 Safari/537.36"
103.21.244.0 - - [20/Jan/2026:13:53:08 -0700] "GET /.env HTTP/1.1" 403 1269 "-" "curl/7.68.0"
185.220.101.45 - - [21/Jan/2026:00:03:37 -0700] "GET /assets/style.css HTTP/1.1" 304 2499 "-" "Mozilla/5.0 (Windows NT 10.0; Win64; x64) AppleWebKit/537.36 (KHTML, like Gecko) Chrome/91.0.4472.124 Safari/537.36"
192.168.1.101 - - [20/Jan/2026:11:56:22 -0700] "POST /images/logo.png HTTP/1.1" 304 3541 "-" "Mozilla/5.0 (Windows NT 10.0; Win64; x64) AppleWebKit/537.36 (KHTML, like Gecko) Chrome/91.0.4472.124 Safari/537.36"
185.220.101.45 - - [21/Jan/2026:00:46:52 -0700] "POST /images/logo.png HTTP/1.1" 301 10217 "-" "Mozilla/5.0 (Windows NT 10.0; Win64; x64) AppleWebKit/537.36 (KHTML, like Gecko) Chrome/91.0.4472.124 Safari/537.36"
10.0.0.23 - - [20/Jan/2026:23:57:14 -0700] "GET /admin HTTP/1.1" 403 19283 "-" "Mozilla/5.0 (Windows NT 10.0; Win64; x64) AppleWebKit/537.36 (KHTML, like Gecko) Chrome/91.0.4472.124 Safari/537.36"
185.220.101.45 - - [20/Jan/2026:10:55:07 -0700] "POST /images/logo.png HTTP/1.1" 304 11945 "-" "Mozilla/5.0 (Windows NT 10.0; Win64; x64) AppleWebKit/537.36 (KHTML, like Gecko) Chrome/91.0.4472.124 Safari/537.36"
198.51.100.23 - - [20/Jan/2026:20:49:26 -0700] "GET /index.php?id=1' OR '1'='1 HTTP/1.1" 403 4440 "-" "curl/7.68.0"
10.0.0.23 - - [21/Jan/2026:03:46:02 -0700] "POST /phpmyadmin HTTP/1.1" 404 10978 "-" "Mozilla/5.0 (Windows NT 10.0; Win64; x64) AppleWebKit/537.36 (KHTML, like Gecko) Chrome/91.0.4472.124 Safari/537.36"
185.220.101.45 - - [20/Jan/2026:15:56:48 -0700] "POST /assets/style.css HTTP/1.1" 304 9179 "-" "Mozilla/5.0 (Windows NT 10.0; Win64; x64) AppleWebKit/537.36 (KHTML, like Gecko) Chrome/91.0.4472.124 Safari/537.36"
185.220.101.45 - - [20/Jan/2026:14:29:10 -0700] "GET /dashboard HTTP/1.1" 301 12013 "-" "Mozilla/5.0 (Windows NT 10.0; Win64; x64) AppleWebKit/537.36 (KHTML, like Gecko) Chrome/91.0.4472.124 Safari/537.36"
203.0.113.5 - - [21/Jan/2026:02:01:26 -0700] "POST /.env HTTP/1.1" 404 8706 "-" "Mozilla/5.0 (Windows NT 10.0; Win64; x64) AppleWebKit/537.36 (KHTML, like Gecko) Chrome/91.0.4472.124 Safari/537.36"
185.220.101.45 - - [20/Jan/2026:11:30:13 -0700] "POST /dashboard HTTP/1.1" 301 8168 "-" "Mozilla/5.0 (Windows NT 10.0; Win64; x64) AppleWebKit/537.36 (KHTML, like Gecko) Chrome/91.0.4472.124 Safari/537.36"
185.220.101.45 - - [20/Jan/2026:05:07:15 -0700] "POST /dashboard HTTP/1.1" 304 1856 "-" "Mozilla/5.0 (Windows NT 10.0; Win64; x64) AppleWebKit/537.36 (KHTML, like Gecko) Chrome/91.0.4472.124 Safari/537.36"
103.21.244.0 - - [21/Jan/2026:02:51:14 -0700] "GET /search?q=<script>alert(1)</script> HTTP/1.1" 404 2354 "-" "Mozilla/5.0 (Unknown; Linux x86_64) AppleWebKit/534.34 (KHTML, like Gecko) PhantomJS/1.9.8 Safari/534.34"
10.0.0.23 - - [20/Jan/2026:23:22:41 -0700] "GET /admin HTTP/1.1" 404 3717 "-" "Nmap Scripting Engine"
103.21.244.0 - - [20/Jan/2026:20:09:07 -0700] "GET /admin HTTP/1.1" 403 2130 "-" "curl/7.68.0"
10.0.0.23 - - [20/Jan/2026:06:42:46 -0700] "GET /index.php?id=1' OR '1'='1 HTTP/1.1" 200 8307 "-" "Mozilla/5.0 (Windows NT 10.0; Win64; x64) AppleWebKit/537.36 (KHTML, like Gecko) Chrome/91.0.4472.124 Safari/537.36"
10.0.0.23 - - [20/Jan/2026:23:54:58 -0700] "GET /phpmyadmin HTTP/1.1" 404 1645 "-" "curl/7.68.0"
185.220.101.45 - - [20/Jan/2026:23:14:44 -0700] "GET /login HTTP/1.1" 200 11306 "-" "Mozilla/5.0 (Windows NT 10.0; Win64; x64) AppleWebKit/537.36 (KHTML, like Gecko) Chrome/91.0.4472.124 Safari/537.36"
192.168.1.101 - - [21/Jan/2026:03:24:56 -0700] "GET /assets/style.css HTTP/1.1" 304 7242 "-" "Mozilla/5.0 (Windows NT 10.0; Win64; x64) AppleWebKit/537.36 (KHTML, like Gecko) Chrome/91.0.4472.124 Safari/537.36"
10.0.0.23 - - [20/Jan/2026:07:38:03 -0700] "GET /phpmyadmin HTTP/1.1" 404 10001 "-" "Mozilla/5.0 (Windows NT 10.0; Win64; x64) AppleWebKit/537.36 (KHTML, like Gecko) Chrome/91.0.4472.124 Safari/537.36"
198.51.100.23 - - [20/Jan/2026:19:58:22 -0700] "GET /admin HTTP/1.1" 403 2185 "-" "Nmap Scripting Engine"
192.168.1.101 - - [20/Jan/2026:17:51:39 -0700] "GET / HTTP/1.1" 200 9138 "-" "Mozilla/5.0 (Windows NT 10.0; Win64; x64) AppleWebKit/537.36 (KHTML, like Gecko) Chrome/91.0.4472.124 Safari/537.36"
103.21.244.0 - - [20/Jan/2026:16:22:54 -0700] "GET /search?q=<script>alert(1)</script> HTTP/1.1" 500 3589 "-" "sqlmap/1.4.9#stable"
185.220.101.45 - - [20/Jan/2026:14:38:37 -0700] "GET /dashboard HTTP/1.1" 200 14277 "-" "Mozilla/5.0 (Windows NT 10.0; Win64; x64) AppleWebKit/537.36 (KHTML, like Gecko) Chrome/91.0.4472.124 Safari/537.36"
192.168.1.101 - - [20/Jan/2026:05:03:14 -0700] "POST /assets/style.css HTTP/1.1" 301 13734 "-" "Mozilla/5.0 (Windows NT 10.0; Win64; x64) AppleWebKit/537.36 (KHTML, like Gecko) Chrome/91.0.4472.124 Safari/537.36"
192.168.1.101 - - [20/Jan/2026:16:18:58 -0700] "POST /images/logo.png HTTP/1.1" 200 3353 "-" "Mozilla/5.0 (Windows NT 10.0; Win64; x64) AppleWebKit/537.36 (KHTML, like Gecko) Chrome/91.0.4472.124 Safari/537.36"
203.0.113.5 - - [20/Jan/2026:15:26:49 -0700] "GET /phpmyadmin HTTP/1.1" 500 11469 "-" "Mozilla/5.0 (Windows NT 10.0; Win64; x64) AppleWebKit/537.36 (KHTML, like Gecko) Chrome/91.0.4472.124 Safari/537.36"
185.220.101.45 - - [20/Jan/2026:11:08:09 -0700] "GET /assets/style.css HTTP/1.1" 304 7440 "-" "Mozilla/5.0 (Windows NT 10.0; Win64; x64) AppleWebKit/537.36 (KHTML, like Gecko) Chrome/91.0.4472.124 Safari/537.36"
10.0.0.23 - - [20/Jan/2026:10:40:36 -0700] "GET /search?q=<script>alert(1)</script> HTTP/1.1" 500 6833 "-" "Mozilla/5.0 (Windows NT 10.0; Win64; x64) AppleWebKit/537.36 (KHTML, like Gecko) Chrome/91.0.4472.124 Safari/537.36"
192.168.1.101 - - [20/Jan/2026:21:57:43 -0700] "POST /assets/style.css HTTP/1.1" 200 14017 "-" "Mozilla/5.0 (Windows NT 10.0; Win64; x64) AppleWebKit/537.36 (KHTML, like Gecko) Chrome/91.0.4472.124 Safari/537.36"
103.21.244.0 - - [20/Jan/2026:18:26:22 -0700] "GET /admin HTTP/1.1" 404 3963 "-" "Mozilla/5.0 (Unknown; Linux x86_64) AppleWebKit/534.34 (KHTML, like Gecko) PhantomJS/1.9.8 Safari/534.34"
198.51.100.23 - - [20/Jan/2026:21:00:32 -0700] "GET /index.php?id=1' OR '1'='1 HTTP/1.1" 404 3331 "-" "Mozilla/5.0 (Unknown; Linux x86_64) AppleWebKit/534.34 (KHTML, like Gecko) PhantomJS/1.9.8 Safari/534.34"
185.220.101.45 - - [20/Jan/2026:19:13:57 -0700] "GET /assets/style.css HTTP/1.1" 301 918 "-" "Mozilla/5.0 (Windows NT 10.0; Win64; x64) AppleWebKit/537.36 (KHTML, like Gecko) Chrome/91.0.4472.124 Safari/537.36"
192.168.1.101 - - [20/Jan/2026:22:29:10 -0700] "GET /images/logo.png HTTP/1.1" 200 1534 "-" "Mozilla/5.0 (Windows NT 10.0; Win64; x64) AppleWebKit/537.36 (KHTML, like Gecko) Chrome/91.0.4472.124 Safari/537.36"
185.220.101.45 - - [20/Jan/2026:22:28:28 -0700] "POST /assets/style.css HTTP/1.1" 200 2684 "-" "Mozilla/5.0 (Windows NT 10.0; Win64; x64) AppleWebKit/537.36 (KHTML, like Gecko) Chrome/91.0.4472.124 Safari/537.36"
185.220.101.45 - - [20/Jan/2026:09:43:12 -0700] "POST /dashboard HTTP/1.1" 304 5660 "-" "Mozilla/5.0 (Windows NT 10.0; Win64; x64) AppleWebKit/537.36 (KHTML, like Gecko) Chrome/91.0.4472.124 Safari/537.36"
185.220.101.45 - - [20/Jan/2026:11:40:18 -0700] "POST /assets/style.css HTTP/1.1" 301 8426 "-" "Mozilla/5.0 (Windows NT 10.0; Win64; x64) AppleWebKit/537.36 (KHTML, like Gecko) Chrome/91.0.4472.124 Safari/537.36"
10.0.0.23 - - [20/Jan/2026:09:31:57 -0700] "GET /admin HTTP/1.1" 500 3862 "-" "curl/7.68.0"
10.0.0.23 - - [20/Jan/2026:12:23:29 -0700] "GET /phpmyadmin HTTP/1.1" 200 11793 "-" "Mozilla/5.0 (Windows NT 10.0; Win64; x64) AppleWebKit/537.36 (KHTML, like Gecko) Chrome/91.0.4472.124 Safari/537.36"
192.168.1.101 - - [20/Jan/2026:12:33:00 -0700] "POST /login HTTP/1.1" 301 860 "-" "Mozilla/5.0 (Windows NT 10.0; Win64; x64) AppleWebKit/537.36 (KHTML, like Gecko) Chrome/91.0.4472.124 Safari/537.36"
185.220.101.45 - - [20/Jan/2026:09:31:27 -0700] "POST /images/logo.png HTTP/1.1" 200 9040 "-" "Mozilla/5.0 (Windows NT 10.0; Win64; x64) AppleWebKit/537.36 (KHTML, like Gecko) Chrome/91.0.4472.124 Safari/537.36"
185.220.101.45 - - [20/Jan/2026:20:04:47 -0700] "POST / HTTP/1.1" 301 3813 "-" "Mozilla/5.0 (Windows NT 10.0; Win64; x64) AppleWebKit/537.36 (KHTML, like Gecko) Chrome/91.0.4472.124 Safari/537.36"
192.168.1.101 - - [20/Jan/2026:16:25:26 -0700] "POST /login HTTP/1.1" 304 6647 "-" "Mozilla/5.0 (Windows NT 10.0; Win64; x64) AppleWebKit/537.36 (KHTML, like Gecko) Chrome/91.0.4472.124 Safari/537.36"
198.51.100.23 - - [20/Jan/2026:10:49:19 -0700] "GET /search?q=<script>alert(1)</script> HTTP/1.1" 404 1767 "-" "Mozilla/5.0 (Unknown; Linux x86_64) AppleWebKit/534.34 (KHTML, like Gecko) PhantomJS/1.9.8 Safari/534.34"
192.168.1.101 - - [20/Jan/2026:08:43:12 -0700] "POST /login HTTP/1.1" 304 7250 "-" "Mozilla/5.0 (Windows NT 10.0; Win64; x64) AppleWebKit/537.36 (KHTML, like Gecko) Chrome/91.0.4472.124 Safari/537.36"
103.21.244.0 - - [20/Jan/2026:11:44:19 -0700] "GET /.env HTTP/1.1" 404 1638 "-" "curl/7.68.0"
185.220.101.45 - - [20/Jan/2026:09:45:36 -0700] "POST /images/logo.png HTTP/1.1" 200 8810 "-" "Mozilla/5.0 (Windows NT 10.0; Win64; x64) AppleWebKit/537.36 (KHTML, like Gecko) Chrome/91.0.4472.124 Safari/537.36"
10.0.0.23 - - [20/Jan/2026:14:19:43 -0700] "GET /search?q=<script>alert(1)</script> HTTP/1.1" 404 2772 "-" "sqlmap/1.4.9#stable"
192.168.1.101 - - [21/Jan/2026:02:28:27 -0700] "POST /assets/style.css HTTP/1.1" 304 13574 "-" "Mozilla/5.0 (Windows NT 10.0; Win64; x64) AppleWebKit/537.36 (KHTML, like Gecko) Chrome/91.0.4472.124 Safari/537.36"
192.168.1.101 - - [20/Jan/2026:06:12:49 -0700] "POST /assets/style.css HTTP/1.1" 304 9656 "-" "Mozilla/5.0 (Windows NT 10.0; Win64; x64) AppleWebKit/537.36 (KHTML, like Gecko) Chrome/91.0.4472.124 Safari/537.36"
185.220.101.45 - - [21/Jan/2026:01:29:39 -0700] "GET /dashboard HTTP/1.1" 301 217 "-" "Mozilla/5.0 (Windows NT 10.0; Win64; x64) AppleWebKit/537.36 (KHTML, like Gecko) Chrome/91.0.4472.124 Safari/537.36"
185.220.101.45 - - [21/Jan/2026:02:52:17 -0700] "POST /dashboard HTTP/1.1" 301 1816 "-" "Mozilla/5.0 (Windows NT 10.0; Win64; x64) AppleWebKit/537.36 (KHTML, like Gecko) Chrome/91.0.4472.124 Safari/537.36"
185.220.101.45 - - [20/Jan/2026:14:17:36 -0700] "POST /dashboard HTTP/1.1" 301 11656 "-" "Mozilla/5.0 (Windows NT 10.0; Win64; x64) AppleWebKit/537.36 (KHTML, like Gecko) Chrome/91.0.4472.124 Safari/537.36"
185.220.101.45 - - [20/Jan/2026:06:39:59 -0700] "POST /images/logo.png HTTP/1.1" 301 9299 "-" "Mozilla/5.0 (Windows NT 10.0; Win64; x64) AppleWebKit/537.36 (KHTML, like Gecko) Chrome/91.0.4472.124 Safari/537.36"
192.168.1.101 - - [21/Jan/2026:04:09:29 -0700] "GET /images/logo.png HTTP/1.1" 200 10882 "-" "Mozilla/5.0 (Windows NT 10.0; Win64; x64) AppleWebKit/537.36 (KHTML, like Gecko) Chrome/91.0.4472.124 Safari/537.36"
185.220.101.45 - - [20/Jan/2026:18:15:50 -0700] "GET / HTTP/1.1" 301 1509 "-" "Mozilla/5.0 (Windows NT 10.0; Win64; x64) AppleWebKit/537.36 (KHTML, like Gecko) Chrome/91.0.4472.124 Safari/537.36"
192.168.1.101 - - [20/Jan/2026:12:42:56 -0700] "GET /login HTTP/1.1" 301 7778 "-" "Mozilla/5.0 (Windows NT 10.0; Win64; x64) AppleWebKit/537.36 (KHTML, like Gecko) Chrome/91.0.4472.124 Safari/537.36"
10.0.0.23 - - [21/Jan/2026:01:54:52 -0700] "GET /search?q=<script>alert(1)</script> HTTP/1.1" 404 2242 "-" "sqlmap/1.4.9#stable"
103.21.244.0 - - [20/Jan/2026:14:00:40 -0700] "GET /admin HTTP/1.1" 500 1101 "-" "curl/7.68.0"
192.168.1.101 - - [20/Jan/2026:11:55:22 -0700] "POST /dashboard HTTP/1.1" 301 7917 "-" "Mozilla/5.0 (Windows NT 10.0; Win64; x64) AppleWebKit/537.36 (KHTML, like Gecko) Chrome/91.0.4472.124 Safari/537.36"
10.0.0.23 - - [20/Jan/2026:13:41:20 -0700] "GET /search?q=<script>alert(1)</script> HTTP/1.1" 404 514 "-" "Mozilla/5.0 (Windows NT 10.0; Win64; x64) AppleWebKit/537.36 (KHTML, like Gecko) Chrome/91.0.4472.124 Safari/537.36"
185.220.101.45 - - [20/Jan/2026:11:00:38 -0700] "POST /dashboard HTTP/1.1" 200 9655 "-" "Mozilla/5.0 (Windows NT 10.0; Win64; x64) AppleWebKit/537.36 (KHTML, like Gecko) Chrome/91.0.4472.124 Safari/537.36"
198.51.100.23 - - [21/Jan/2026:01:18:24 -0700] "GET /index.php?id=1' OR '1'='1 HTTP/1.1" 404 2490 "-" "curl/7.68.0"
103.21.244.0 - - [20/Jan/2026:12:24:20 -0700] "GET /index.php?id=1' OR '1'='1 HTTP/1.1" 404 1196 "-" "sqlmap/1.4.9#stable"
10.0.0.23 - - [20/Jan/2026:05:55:54 -0700] "GET /admin HTTP/1.1" 404 15599 "-" "Mozilla/5.0 (Windows NT 10.0; Win64; x64) AppleWebKit/537.36 (KHTML, like Gecko) Chrome/91.0.4472.124 Safari/537.36"
185.220.101.45 - - [20/Jan/2026:22:09:55 -0700] "GET /dashboard HTTP/1.1" 304 12306 "-" "Mozilla/5.0 (Windows NT 10.0; Win64; x64) AppleWebKit/537.36 (KHTML, like Gecko) Chrome/91.0.4472.124 Safari/537.36"
185.220.101.45 - - [20/Jan/2026:23:21:19 -0700] "POST /login HTTP/1.1" 200 1000 "-" "Mozilla/5.0 (Windows NT 10.0; Win64; x64) AppleWebKit/537.36 (KHTML, like Gecko) Chrome/91.0.4472.124 Safari/537.36"
192.168.1.101 - - [21/Jan/2026:03:02:19 -0700] "GET /dashboard HTTP/1.1" 200 9516 "-" "Mozilla/5.0 (Windows NT 10.0; Win64; x64) AppleWebKit/537.36 (KHTML, like Gecko) Chrome/91.0.4472.124 Safari/537.36"
198.51.100.23 - - [20/Jan/2026:07:17:26 -0700] "GET /phpmyadmin HTTP/1.1" 500 2631 "-" "curl/7.68.0"
198.51.100.23 - - [21/Jan/2026:01:46:32 -0700] "GET /index.php?id=1' OR '1'='1 HTTP/1.1" 404 4805 "-" "sqlmap/1.4.9#stable"
10.0.0.23 - - [20/Jan/2026:08:18:50 -0700] "GET /phpmyadmin HTTP/1.1" 404 1634 "-" "Mozilla/5.0 (Windows NT 10.0; Win64; x64) AppleWebKit/537.36 (KHTML, like Gecko) Chrome/91.0.4472.124 Safari/537.36"
103.21.244.0 - - [20/Jan/2026:10:02:12 -0700] "GET /search?q=<script>alert(1)</script> HTTP/1.1" 404 3870 "-" "Nmap Scripting Engine"
203.0.113.5 - - [20/Jan/2026:12:06:34 -0700] "GET /.env HTTP/1.1" 500 18323 "-" "Mozilla/5.0 (Windows NT 10.0; Win64; x64) AppleWebKit/537.36 (KHTML, like Gecko) Chrome/91.0.4472.124 Safari/537.36"
185.220.101.45 - - [20/Jan/2026:22:04:28 -0700] "POST /images/logo.png HTTP/1.1" 301 10257 "-" "Mozilla/5.0 (Windows NT 10.0; Win64; x64) AppleWebKit/537.36 (KHTML, like Gecko) Chrome/91.0.4472.124 Safari/537.36"
192.168.1.101 - - [20/Jan/2026:18:28:05 -0700] "GET / HTTP/1.1" 301 3519 "-" "Mozilla/5.0 (Windows NT 10.0; Win64; x64) AppleWebKit/537.36 (KHTML, like Gecko) Chrome/91.0.4472.124 Safari/537.36"
185.220.101.45 - - [20/Jan/2026:19:58:52 -0700] "POST /images/logo.png HTTP/1.1" 304 11733 "-" "Mozilla/5.0 (Windows NT 10.0; Win64; x64) AppleWebKit/537.36 (KHTML, like Gecko) Chrome/91.0.4472.124 Safari/537.36"
10.0.0.23 - - [20/Jan/2026:05:20:23 -0700] "POST /phpmyadmin HTTP/1.1" 200 7099 "-" "Mozilla/5.0 (Windows NT 10.0; Win64; x64) AppleWebKit/537.36 (KHTML, like Gecko) Chrome/91.0.4472.124 Safari/537.36"
198.51.100.23 - - [20/Jan/2026:13:56:26 -0700] "GET /search?q=<script>alert(1)</script> HTTP/1.1" 404 2672 "-" "Mozilla/5.0 (Unknown; Linux x86_64) AppleWebKit/534.34 (KHTML, like Gecko) PhantomJS/1.9.8 Safari/534.34"
192.168.1.101 - - [20/Jan/2026:11:15:41 -0700] "POST /assets/style.css HTTP/1.1" 200 4504 "-" "Mozilla/5.0 (Windows NT 10.0; Win64; x64) AppleWebKit/537.36 (KHTML, like Gecko) Chrome/91.0.4472.124 Safari/537.36"
185.220.101.45 - - [20/Jan/2026:23:53:26 -0700] "GET /assets/style.css HTTP/1.1" 200 12976 "-" "Mozilla/5.0 (Windows NT 10.0; Win64; x64) AppleWebKit/537.36 (KHTML, like Gecko) Chrome/91.0.4472.124 Safari/537.36"
10.0.0.23 - - [20/Jan/2026:11:51:10 -0700] "POST /admin HTTP/1.1" 200 17027 "-" "Mozilla/5.0 (Windows NT 10.0; Win64; x64) AppleWebKit/537.36 (KHTML, like Gecko) Chrome/91.0.4472.124 Safari/537.36"
192.168.1.101 - - [20/Jan/2026:20:02:28 -0700] "POST /assets/style.css HTTP/1.1" 301 13768 "-" "Mozilla/5.0 (Windows NT 10.0; Win64; x64) AppleWebKit/537.36 (KHTML, like Gecko) Chrome/91.0.4472.124 Safari/537.36"
192.168.1.101 - - [20/Jan/2026:07:09:28 -0700] "POST /dashboard HTTP/1.1" 301 9222 "-" "Mozilla/5.0 (Windows NT 10.0; Win64; x64) AppleWebKit/537.36 (KHTML, like Gecko) Chrome/91.0.4472.124 Safari/537.36"
192.168.1.101 - - [20/Jan/2026:13:46:15 -0700] "POST /login HTTP/1.1" 301 7598 "-" "Mozilla/5.0 (Windows NT 10.0; Win64; x64) AppleWebKit/537.36 (KHTML, like Gecko) Chrome/91.0.4472.124 Safari/537.36"
185.220.101.45 - - [21/Jan/2026:03:25:21 -0700] "GET /assets/style.css HTTP/1.1" 304 3827 "-" "Mozilla/5.0 (Windows NT 10.0; Win64; x64) AppleWebKit/537.36 (KHTML, like Gecko) Chrome/91.0.4472.124 Safari/537.36"
198.51.100.23 - - [20/Jan/2026:19:11:27 -0700] "GET /search?q=<script>alert(1)</script> HTTP/1.1" 403 514 "-" "curl/7.68.0"
10.0.0.23 - - [20/Jan/2026:19:27:26 -0700] "GET /admin HTTP/1.1" 404 2643 "-" "sqlmap/1.4.9#stable"
10.0.0.23 - - [20/Jan/2026:19:20:09 -0700] "POST /search?q=<script>alert(1)</script> HTTP/1.1" 404 19275 "-" "Mozilla/5.0 (Windows NT 10.0; Win64; x64) AppleWebKit/537.36 (KHTML, like Gecko) Chrome/91.0.4472.124 Safari/537.36"
10.0.0.23 - - [20/Jan/2026:20:07:02 -0700] "GET /search?q=<script>alert(1)</script> HTTP/1.1" 200 8869 "-" "Mozilla/5.0 (Windows NT 10.0; Win64; x64) AppleWebKit/537.36 (KHTML, like Gecko) Chrome/91.0.4472.124 Safari/537.36"
185.220.101.45 - - [20/Jan/2026:05:14:13 -0700] "GET /dashboard HTTP/1.1" 200 11791 "-" "Mozilla/5.0 (Windows NT 10.0; Win64; x64) AppleWebKit/537.36 (KHTML, like Gecko) Chrome/91.0.4472.124 Safari/537.36"
198.51.100.23 - - [20/Jan/2026:05:28:16 -0700] "GET /index.php?id=1' OR '1'='1 HTTP/1.1" 404 1520 "-" "curl/7.68.0"
192.168.1.101 - - [20/Jan/2026:17:07:32 -0700] "GET /dashboard HTTP/1.1" 301 6562 "-" "Mozilla/5.0 (Windows NT 10.0; Win64; x64) AppleWebKit/537.36 (KHTML, like Gecko) Chrome/91.0.4472.124 Safari/537.36"
10.0.0.23 - - [20/Jan/2026:10:50:49 -0700] "GET /admin HTTP/1.1" 403 3914 "-" "Mozilla/5.0 (Unknown; Linux x86_64) AppleWebKit/534.34 (KHTML, like Gecko) PhantomJS/1.9.8 Safari/534.34"
192.168.1.101 - - [21/Jan/2026:03:00:51 -0700] "POST /dashboard HTTP/1.1" 301 4165 "-" "Mozilla/5.0 (Windows NT 10.0; Win64; x64) AppleWebKit/537.36 (KHTML, like Gecko) Chrome/91.0.4472.124 Safari/537.36"
185.220.101.45 - - [21/Jan/2026:01:21:23 -0700] "GET / HTTP/1.1" 304 4461 "-" "Mozilla/5.0 (Windows NT 10.0; Win64; x64) AppleWebKit/537.36 (KHTML, like Gecko) Chrome/91.0.4472.124 Safari/537.36"
192.168.1.101 - - [20/Jan/2026:11:03:11 -0700] "POST /login HTTP/1.1" 304 7553 "-" "Mozilla/5.0 (Windows NT 10.0; Win64; x64) AppleWebKit/537.36 (KHTML, like Gecko) Chrome/91.0.4472.124 Safari/537.36"
198.51.100.23 - - [21/Jan/2026:04:30:36 -0700] "GET /phpmyadmin HTTP/1.1" 403 4369 "-" "sqlmap/1.4.9#stable"
103.21.244.0 - - [20/Jan/2026:09:34:36 -0700] "GET /admin HTTP/1.1" 403 3131 "-" "curl/7.68.0"
10.0.0.23 - - [20/Jan/2026:09:28:00 -0700] "POST /phpmyadmin HTTP/1.1" 403 17483 "-" "Mozilla/5.0 (Windows NT 10.0; Win64; x64) AppleWebKit/537.36 (KHTML, like Gecko) Chrome/91.0.4472.124 Safari/537.36"
185.220.101.45 - - [20/Jan/2026:05:01:58 -0700] "POST / HTTP/1.1" 301 10180 "-" "Mozilla/5.0 (Windows NT 10.0; Win64; x64) AppleWebKit/537.36 (KHTML, like Gecko) Chrome/91.0.4472.124 Safari/537.36"
10.0.0.23 - - [20/Jan/2026:05:16:29 -0700] "POST /search?q=<script>alert(1)</script> HTTP/1.1" 403 17078 "-" "Mozilla/5.0 (Windows NT 10.0; Win64; x64) AppleWebKit/537.36 (KHTML, like Gecko) Chrome/91.0.4472.124 Safari/537.36"
185.220.101.45 - - [20/Jan/2026:07:03:02 -0700] "GET /dashboard HTTP/1.1" 301 10526 "-" "Mozilla/5.0 (Windows NT 10.0; Win64; x64) AppleWebKit/537.36 (KHTML, like Gecko) Chrome/91.0.4472.124 Safari/537.36"
185.220.101.45 - - [20/Jan/2026:13:46:01 -0700] "POST /login HTTP/1.1" 301 14728 "-" "Mozilla/5.0 (Windows NT 10.0; Win64; x64) AppleWebKit/537.36 (KHTML, like Gecko) Chrome/91.0.4472.124 Safari/537.36"
203.0.113.5 - - [20/Jan/2026:22:55:29 -0700] "GET /search?q=<script>alert(1)</script> HTTP/1.1" 500 3741 "-" "Mozilla/5.0 (Windows NT 10.0; Win64; x64) AppleWebKit/537.36 (KHTML, like Gecko) Chrome/91.0.4472.124 Safari/537.36"
198.51.100.23 - - [20/Jan/2026:07:42:39 -0700] "GET /admin HTTP/1.1" 500 4133 "-" "curl/7.68.0"
192.168.1.101 - - [20/Jan/2026:16:30:34 -0700] "POST / HTTP/1.1" 301 1897 "-" "Mozilla/5.0 (Windows NT 10.0; Win64; x64) AppleWebKit/537.36 (KHTML, like Gecko) Chrome/91.0.4472.124 Safari/537.36"
192.168.1.101 - - [20/Jan/2026:19:58:04 -0700] "GET /assets/style.css HTTP/1.1" 301 8839 "-" "Mozilla/5.0 (Windows NT 10.0; Win64; x64) AppleWebKit/537.36 (KHTML, like Gecko) Chrome/91.0.4472.124 Safari/537.36"
185.220.101.45 - - [20/Jan/2026:09:51:15 -0700] "GET /images/logo.png HTTP/1.1" 301 13491 "-" "Mozilla/5.0 (Windows NT 10.0; Win64; x64) AppleWebKit/537.36 (KHTML, like Gecko) Chrome/91.0.4472.124 Safari/537.36"
203.0.113.5 - - [21/Jan/2026:03:22:24 -0700] "POST /.env HTTP/1.1" 403 19451 "-" "Mozilla/5.0 (Windows NT 10.0; Win64; x64) AppleWebKit/537.36 (KHTML, like Gecko) Chrome/91.0.4472.124 Safari/537.36"
185.220.101.45 - - [20/Jan/2026:06:15:49 -0700] "POST /dashboard HTTP/1.1" 301 10201 "-" "Mozilla/5.0 (Windows NT 10.0; Win64; x64) AppleWebKit/537.36 (KHTML, like Gecko) Chrome/91.0.4472.124 Safari/537.36"
10.0.0.23 - - [20/Jan/2026:05:31:17 -0700] "GET /.env HTTP/1.1" 404 526 "-" "sqlmap/1.4.9#stable"
192.168.1.101 - - [20/Jan/2026:09:33:31 -0700] "GET /login HTTP/1.1" 304 9793 "-" "Mozilla/5.0 (Windows NT 10.0; Win64; x64) AppleWebKit/537.36 (KHTML, like Gecko) Chrome/91.0.4472.124 Safari/537.36"
203.0.113.5 - - [20/Jan/2026:05:16:00 -0700] "GET /.env HTTP/1.1" 403 17734 "-" "Mozilla/5.0 (Windows NT 10.0; Win64; x64) AppleWebKit/537.36 (KHTML, like Gecko) Chrome/91.0.4472.124 Safari/537.36"
198.51.100.23 - - [20/Jan/2026:16:07:04 -0700] "GET /index.php?id=1' OR '1'='1 HTTP/1.1" 403 4473 "-" "Nmap Scripting Engine"
185.220.101.45 - - [21/Jan/2026:00:32:45 -0700] "POST /dashboard HTTP/1.1" 301 568 "-" "Mozilla/5.0 (Windows NT 10.0; Win64; x64) AppleWebKit/537.36 (KHTML, like Gecko) Chrome/91.0.4472.124 Safari/537.36"
192.168.1.101 - - [21/Jan/2026:01:41:59 -0700] "GET /assets/style.css HTTP/1.1" 304 10228 "-" "Mozilla/5.0 (Windows NT 10.0; Win64; x64) AppleWebKit/537.36 (KHTML, like Gecko) Chrome/91.0.4472.124 Safari/537.36"
185.220.101.45 - - [21/Jan/2026:04:05:39 -0700] "GET /dashboard HTTP/1.1" 301 2866 "-" "Mozilla/5.0 (Windows NT 10.0; Win64; x64) AppleWebKit/537.36 (KHTML, like Gecko) Chrome/91.0.4472.124 Safari/537.36"
198.51.100.23 - - [21/Jan/2026:03:44:31 -0700] "GET /index.php?id=1' OR '1'='1 HTTP/1.1" 500 1869 "-" "curl/7.68.0"
10.0.0.23 - - [21/Jan/2026:02:52:16 -0700] "GET /index.php?id=1' OR '1'='1 HTTP/1.1" 500 996 "-" "Mozilla/5.0 (Unknown; Linux x86_64) AppleWebKit/534.34 (KHTML, like Gecko) PhantomJS/1.9.8 Safari/534.34"
103.21.244.0 - - [20/Jan/2026:15:51:46 -0700] "GET /.env HTTP/1.1" 404 2315 "-" "curl/7.68.0"
103.21.244.0 - - [21/Jan/2026:01:16:33 -0700] "GET /index.php?id=1' OR '1'='1 HTTP/1.1" 404 1423 "-" "Mozilla/5.0 (Unknown; Linux x86_64) AppleWebKit/534.34 (KHTML, like Gecko) PhantomJS/1.9.8 Safari/534.34"
10.0.0.23 - - [20/Jan/2026:05:38:47 -0700] "POST /phpmyadmin HTTP/1.1" 200 15398 "-" "Mozilla/5.0 (Windows NT 10.0; Win64; x64) AppleWebKit/537.36 (KHTML, like Gecko) Chrome/91.0.4472.124 Safari/537.36"
103.21.244.0 - - [20/Jan/2026:21:40:37 -0700] "GET /search?q=<script>alert(1)</script> HTTP/1.1" 403 3602 "-" "sqlmap/1.4.9#stable"
192.168.1.101 - - [20/Jan/2026:05:44:26 -0700] "GET / HTTP/1.1" 200 6740 "-" "Mozilla/5.0 (Windows NT 10.0; Win64; x64) AppleWebKit/537.36 (KHTML, like Gecko) Chrome/91.0.4472.124 Safari/537.36"
10.0.0.23 - - [21/Jan/2026:00:45:58 -0700] "GET /phpmyadmin HTTP/1.1" 404 4979 "-" "sqlmap/1.4.9#stable"
203.0.113.5 - - [20/Jan/2026:22:13:41 -0700] "POST /phpmyadmin HTTP/1.1" 200 13084 "-" "Mozilla/5.0 (Windows NT 10.0; Win64; x64) AppleWebKit/537.36 (KHTML, like Gecko) Chrome/91.0.4472.124 Safari/537.36"
10.0.0.23 - - [20/Jan/2026:21:09:38 -0700] "POST /admin HTTP/1.1" 200 5300 "-" "Mozilla/5.0 (Windows NT 10.0; Win64; x64) AppleWebKit/537.36 (KHTML, like Gecko) Chrome/91.0.4472.124 Safari/537.36"
185.220.101.45 - - [20/Jan/2026:16:03:55 -0700] "GET /dashboard HTTP/1.1" 200 2580 "-" "Mozilla/5.0 (Windows NT 10.0; Win64; x64) AppleWebKit/537.36 (KHTML, like Gecko) Chrome/91.0.4472.124 Safari/537.36"
185.220.101.45 - - [20/Jan/2026:19:39:52 -0700] "GET /dashboard HTTP/1.1" 304 980 "-" "Mozilla/5.0 (Windows NT 10.0; Win64; x64) AppleWebKit/537.36 (KHTML, like Gecko) Chrome/91.0.4472.124 Safari/537.36"
103.21.244.0 - - [20/Jan/2026:16:01:05 -0700] "GET /.env HTTP/1.1" 500 1071 "-" "curl/7.68.0"
203.0.113.5 - - [20/Jan/2026:09:04:59 -0700] "GET /index.php?id=1' OR '1'='1 HTTP/1.1" 500 912 "-" "Mozilla/5.0 (Windows NT 10.0; Win64; x64) AppleWebKit/537.36 (KHTML, like Gecko) Chrome/91.0.4472.124 Safari/537.36"
185.220.101.45 - - [21/Jan/2026:00:40:39 -0700] "POST /dashboard HTTP/1.1" 200 9954 "-" "Mozilla/5.0 (Windows NT 10.0; Win64; x64) AppleWebKit/537.36 (KHTML, like Gecko) Chrome/91.0.4472.124 Safari/537.36"
103.21.244.0 - - [20/Jan/2026:05:46:39 -0700] "GET /search?q=<script>alert(1)</script> HTTP/1.1" 404 4522 "-" "Nmap Scripting Engine"
10.0.0.23 - - [20/Jan/2026:10:11:31 -0700] "GET /search?q=<script>alert(1)</script> HTTP/1.1" 403 3984 "-" "sqlmap/1.4.9#stable"
103.21.244.0 - - [20/Jan/2026:08:31:45 -0700] "GET /index.php?id=1' OR '1'='1 HTTP/1.1" 403 1691 "-" "sqlmap/1.4.9#stable"
185.220.101.45 - - [20/Jan/2026:05:20:37 -0700] "POST /images/logo.png HTTP/1.1" 301 694 "-" "Mozilla/5.0 (Windows NT 10.0; Win64; x64) AppleWebKit/537.36 (KHTML, like Gecko) Chrome/91.0.4472.124 Safari/537.36"
192.168.1.101 - - [20/Jan/2026:18:07:04 -0700] "POST /login HTTP/1.1" 304 11657 "-" "Mozilla/5.0 (Windows NT 10.0; Win64; x64) AppleWebKit/537.36 (KHTML, like Gecko) Chrome/91.0.4472.124 Safari/537.36"
103.21.244.0 - - [21/Jan/2026:01:03:48 -0700] "GET /.env HTTP/1.1" 500 4474 "-" "Nmap Scripting Engine"
203.0.113.5 - - [21/Jan/2026:02:31:26 -0700] "POST /index.php?id=1' OR '1'='1 HTTP/1.1" 500 4093 "-" "Mozilla/5.0 (Windows NT 10.0; Win64; x64) AppleWebKit/537.36 (KHTML, like Gecko) Chrome/91.0.4472.124 Safari/537.36"
185.220.101.45 - - [20/Jan/2026:05:10:26 -0700] "GET /images/logo.png HTTP/1.1" 304 8250 "-" "Mozilla/5.0 (Windows NT 10.0; Win64; x64) AppleWebKit/537.36 (KHTML, like Gecko) Chrome/91.0.4472.124 Safari/537.36"
192.168.1.101 - - [20/Jan/2026:22:18:00 -0700] "GET /dashboard HTTP/1.1" 200 14872 "-" "Mozilla/5.0 (Windows NT 10.0; Win64; x64) AppleWebKit/537.36 (KHTML, like Gecko) Chrome/91.0.4472.124 Safari/537.36"
10.0.0.23 - - [21/Jan/2026:04:01:55 -0700] "POST /.env HTTP/1.1" 200 1011 "-" "Mozilla/5.0 (Windows NT 10.0; Win64; x64) AppleWebKit/537.36 (KHTML, like Gecko) Chrome/91.0.4472.124 Safari/537.36"
103.21.244.0 - - [20/Jan/2026:18:18:03 -0700] "GET /.env HTTP/1.1" 403 4867 "-" "Nmap Scripting Engine"
203.0.113.5 - - [20/Jan/2026:13:31:40 -0700] "POST /index.php?id=1' OR '1'='1 HTTP/1.1" 200 15790 "-" "Mozilla/5.0 (Windows NT 10.0; Win64; x64) AppleWebKit/537.36 (KHTML, like Gecko) Chrome/91.0.4472.124 Safari/537.36"
203.0.113.5 - - [20/Jan/2026:04:48:13 -0700] "GET /search?q=<script>alert(1)</script> HTTP/1.1" 403 6391 "-" "Mozilla/5.0 (Windows NT 10.0; Win64; x64) AppleWebKit/537.36 (KHTML, like Gecko) Chrome/91.0.4472.124 Safari/537.36"
198.51.100.23 - - [20/Jan/2026:18:22:05 -0700] "GET /phpmyadmin HTTP/1.1" 404 1356 "-" "curl/7.68.0"
192.168.1.101 - - [21/Jan/2026:00:53:16 -0700] "GET /images/logo.png HTTP/1.1" 200 4153 "-" "Mozilla/5.0 (Windows NT 10.0; Win64; x64) AppleWebKit/537.36 (KHTML, like Gecko) Chrome/91.0.4472.124 Safari/537.36"
10.0.0.23 - - [20/Jan/2026:14:07:23 -0700] "GET /search?q=<script>alert(1)</script> HTTP/1.1" 500 4075 "-" "Mozilla/5.0 (Windows NT 10.0; Win64; x64) AppleWebKit/537.36 (KHTML, like Gecko) Chrome/91.0.4472.124 Safari/537.36"
10.0.0.23 - - [21/Jan/2026:04:23:48 -0700] "GET /.env HTTP/1.1" 404 2862 "-" "Mozilla/5.0 (Unknown; Linux x86_64) AppleWebKit/534.34 (KHTML, like Gecko) PhantomJS/1.9.8 Safari/534.34"
10.0.0.23 - - [20/Jan/2026:23:12:33 -0700] "POST /phpmyadmin HTTP/1.1" 404 3376 "-" "Mozilla/5.0 (Windows NT 10.0; Win64; x64) AppleWebKit/537.36 (KHTML, like Gecko) Chrome/91.0.4472.124 Safari/537.36"
203.0.113.5 - - [20/Jan/2026:05:00:19 -0700] "POST /admin HTTP/1.1" 404 227 "-" "Mozilla/5.0 (Windows NT 10.0; Win64; x64) AppleWebKit/537.36 (KHTML, like Gecko) Chrome/91.0.4472.124 Safari/537.36"
192.168.1.101 - - [20/Jan/2026:15:46:01 -0700] "GET / HTTP/1.1" 200 4741 "-" "Mozilla/5.0 (Windows NT 10.0; Win64; x64) AppleWebKit/537.36 (KHTML, like Gecko) Chrome/91.0.4472.124 Safari/537.36"
192.168.1.101 - - [20/Jan/2026:19:44:09 -0700] "GET /dashboard HTTP/1.1" 304 3559 "-" "Mozilla/5.0 (Windows NT 10.0; Win64; x64) AppleWebKit/537.36 (KHTML, like Gecko) Chrome/91.0.4472.124 Safari/537.36"
185.220.101.45 - - [20/Jan/2026:05:50:44 -0700] "GET /images/logo.png HTTP/1.1" 200 917 "-" "Mozilla/5.0 (Windows NT 10.0; Win64; x64) AppleWebKit/537.36 (KHTML, like Gecko) Chrome/91.0.4472.124 Safari/537.36"
10.0.0.23 - - [21/Jan/2026:01:03:16 -0700] "GET /index.php?id=1' OR '1'='1 HTTP/1.1" 200 18945 "-" "Mozilla/5.0 (Windows NT 10.0; Win64; x64) AppleWebKit/537.36 (KHTML, like Gecko) Chrome/91.0.4472.124 Safari/537.36"
192.168.1.101 - - [20/Jan/2026:22:34:21 -0700] "GET /login HTTP/1.1" 200 7443 "-" "Mozilla/5.0 (Windows NT 10.0; Win64; x64) AppleWebKit/537.36 (KHTML, like Gecko) Chrome/91.0.4472.124 Safari/537.36"
203.0.113.5 - - [20/Jan/2026:14:32:13 -0700] "GET /search?q=<script>alert(1)</script> HTTP/1.1" 404 3461 "-" "Mozilla/5.0 (Windows NT 10.0; Win64; x64) AppleWebKit/537.36 (KHTML, like Gecko) Chrome/91.0.4472.124 Safari/537.36"
10.0.0.23 - - [20/Jan/2026:09:16:23 -0700] "GET /phpmyadmin HTTP/1.1" 500 4607 "-" "Mozilla/5.0 (Unknown; Linux x86_64) AppleWebKit/534.34 (KHTML, like Gecko) PhantomJS/1.9.8 Safari/534.34"
198.51.100.23 - - [20/Jan/2026:23:22:56 -0700] "GET /index.php?id=1' OR '1'='1 HTTP/1.1" 404 4274 "-" "curl/7.68.0"
10.0.0.23 - - [20/Jan/2026:16:53:03 -0700] "GET /index.php?id=1' OR '1'='1 HTTP/1.1" 403 1942 "-" "Nmap Scripting Engine"
203.0.113.5 - - [20/Jan/2026:16:11:33 -0700] "GET /search?q=<script>alert(1)</script> HTTP/1.1" 500 15616 "-" "Mozilla/5.0 (Windows NT 10.0; Win64; x64) AppleWebKit/537.36 (KHTML, like Gecko) Chrome/91.0.4472.124 Safari/537.36"
185.220.101.45 - - [20/Jan/2026:15:46:01 -0700] "POST /images/logo.png HTTP/1.1" 301 9283 "-" "Mozilla/5.0 (Windows NT 10.0; Win64; x64) AppleWebKit/537.36 (KHTML, like Gecko) Chrome/91.0.4472.124 Safari/537.36"
10.0.0.23 - - [20/Jan/2026:21:49:24 -0700] "GET /search?q=<script>alert(1)</script> HTTP/1.1" 200 12243 "-" "Mozilla/5.0 (Windows NT 10.0; Win64; x64) AppleWebKit/537.36 (KHTML, like Gecko) Chrome/91.0.4472.124 Safari/537.36"
203.0.113.5 - - [21/Jan/2026:02:51:52 -0700] "POST /.env HTTP/1.1" 403 13737 "-" "Mozilla/5.0 (Windows NT 10.0; Win64; x64) AppleWebKit/537.36 (KHTML, like Gecko) Chrome/91.0.4472.124 Safari/537.36"
10.0.0.23 - - [20/Jan/2026:16:08:24 -0700] "POST /phpmyadmin HTTP/1.1" 403 9416 "-" "Mozilla/5.0 (Windows NT 10.0; Win64; x64) AppleWebKit/537.36 (KHTML, like Gecko) Chrome/91.0.4472.124 Safari/537.36"
10.0.0.23 - - [20/Jan/2026:23:19:04 -0700] "GET /index.php?id=1' OR '1'='1 HTTP/1.1" 404 3606 "-" "curl/7.68.0"
185.220.101.45 - - [21/Jan/2026:04:37:11 -0700] "POST /assets/style.css HTTP/1.1" 304 14544 "-" "Mozilla/5.0 (Windows NT 10.0; Win64; x64) AppleWebKit/537.36 (KHTML, like Gecko) Chrome/91.0.4472.124 Safari/537.36"
198.51.100.23 - - [20/Jan/2026:07:14:52 -0700] "GET /index.php?id=1' OR '1'='1 HTTP/1.1" 403 1628 "-" "curl/7.68.0"
103.21.244.0 - - [20/Jan/2026:22:24:58 -0700] "GET /index.php?id=1' OR '1'='1 HTTP/1.1" 500 4837 "-" "Mozilla/5.0 (Unknown; Linux x86_64) AppleWebKit/534.34 (KHTML, like Gecko) PhantomJS/1.9.8 Safari/534.34"
192.168.1.101 - - [21/Jan/2026:00:43:09 -0700] "POST /dashboard HTTP/1.1" 200 11315 "-" "Mozilla/5.0 (Windows NT 10.0; Win64; x64) AppleWebKit/537.36 (KHTML, like Gecko) Chrome/91.0.4472.124 Safari/537.36"
